

================================================================
== Vitis HLS Report for 'dw_row_stage_Pipeline_DW_LOAD_W_VITIS_LOOP_187_1'
================================================================
* Date:           Mon Feb 23 14:55:19 2026

* Version:        2024.2 (Build 5238294 on Nov  8 2024)
* Project:        hls_project
* Solution:       solution1 (Vivado IP Flow Target)
* Product family: zynquplus
* Target device:  xczu7ev-ffvc1156-2-e


================================================================
== Performance Estimates
================================================================
+ Timing: 
    * Summary: 
    +--------+----------+----------+------------+
    |  Clock |  Target  | Estimated| Uncertainty|
    +--------+----------+----------+------------+
    |ap_clk  |  10.00 ns|  7.300 ns|     2.70 ns|
    +--------+----------+----------+------------+

+ Latency: 
    * Summary: 
    +---------+---------+----------+----------+-----+-----+------------------------------------------------+
    |  Latency (cycles) |  Latency (absolute) |  Interval |                    Pipeline                    |
    |   min   |   max   |    min   |    max   | min | max |                      Type                      |
    +---------+---------+----------+----------+-----+-----+------------------------------------------------+
    |       20|       20|  0.200 us|  0.200 us|   10|   10|  loop auto-rewind stp (delay=0 clock cycles(s))|
    +---------+---------+----------+----------+-----+-----+------------------------------------------------+

    + Detail: 
        * Instance: 
        N/A

        * Loop: 
        +------------------------------+---------+---------+----------+-----------+-----------+------+----------+
        |                              |  Latency (cycles) | Iteration|  Initiation Interval  | Trip |          |
        |           Loop Name          |   min   |   max   |  Latency |  achieved |   target  | Count| Pipelined|
        +------------------------------+---------+---------+----------+-----------+-----------+------+----------+
        |- DW_LOAD_W_VITIS_LOOP_187_1  |       18|       18|        11|          1|          1|     9|       yes|
        +------------------------------+---------+---------+----------+-----------+-----------+------+----------+

============================================================
+ Verbose Summary: Synthesis Manager
============================================================
InlineROM: 1
ExposeGlobal: 0
============================================================
+ Verbose Summary: CDFG Model
============================================================
IsTopModel: 0
ResetActiveHigh: 1
IsCombinational: 0
IsDatapathOnly: 0
HasWiredReturn: 1
HasMFsm: 2
HasVarLatency: 1
IsPipeline: 0
IsRtlPipelined: 0
IsInstanceOverlapped: 0
IsDontTouch: 0
HasImplIP: 0
IsGatedGlobalClock: 0

+ Individual pipeline summary: 
  * Pipeline-0: initiation interval (II) = 1, depth = 11


============================================================
+ Verbose Summary: Schedule
============================================================
* Number of FSM states : 11
* Pipeline : 1
  Pipeline-0 : II = 1, D = 11, States = { 1 2 3 4 5 6 7 8 9 10 11 }
* Dataflow Pipeline: 0

* FSM state transitions: 
1 --> 2 
2 --> 3 
3 --> 4 
4 --> 5 
5 --> 6 
6 --> 7 
7 --> 8 
8 --> 9 
9 --> 10 
10 --> 11 
11 --> 

* FSM state operations: 

State 1 <SV = 0> <Delay = 2.44>
ST_1 : Operation 14 [1/1] (0.00ns)   --->   "%kx = alloca i32 1" [src/mobilenet_block_accel.cpp:187]   --->   Operation 14 'alloca' 'kx' <Predicate = true> <Delay = 0.00>
ST_1 : Operation 15 [1/1] (0.00ns)   --->   "%ky = alloca i32 1" [src/mobilenet_block_accel.cpp:186]   --->   Operation 15 'alloca' 'ky' <Predicate = true> <Delay = 0.00>
ST_1 : Operation 16 [1/1] (0.00ns)   --->   "%indvar_flatten = alloca i32 1"   --->   Operation 16 'alloca' 'indvar_flatten' <Predicate = true> <Delay = 0.00>
ST_1 : Operation 17 [1/1] (0.00ns)   --->   "%w_cache_9 = alloca i32 1" [src/mobilenet_block_accel.cpp:175]   --->   Operation 17 'alloca' 'w_cache_9' <Predicate = true> <Delay = 0.00>
ST_1 : Operation 18 [1/1] (0.00ns)   --->   "%w_cache_10 = alloca i32 1" [src/mobilenet_block_accel.cpp:175]   --->   Operation 18 'alloca' 'w_cache_10' <Predicate = true> <Delay = 0.00>
ST_1 : Operation 19 [1/1] (0.00ns)   --->   "%w_cache_11 = alloca i32 1" [src/mobilenet_block_accel.cpp:175]   --->   Operation 19 'alloca' 'w_cache_11' <Predicate = true> <Delay = 0.00>
ST_1 : Operation 20 [1/1] (0.00ns)   --->   "%w_cache_12 = alloca i32 1" [src/mobilenet_block_accel.cpp:175]   --->   Operation 20 'alloca' 'w_cache_12' <Predicate = true> <Delay = 0.00>
ST_1 : Operation 21 [1/1] (0.00ns)   --->   "%w_cache_13 = alloca i32 1" [src/mobilenet_block_accel.cpp:175]   --->   Operation 21 'alloca' 'w_cache_13' <Predicate = true> <Delay = 0.00>
ST_1 : Operation 22 [1/1] (0.00ns)   --->   "%w_cache_14 = alloca i32 1" [src/mobilenet_block_accel.cpp:175]   --->   Operation 22 'alloca' 'w_cache_14' <Predicate = true> <Delay = 0.00>
ST_1 : Operation 23 [1/1] (0.00ns)   --->   "%w_cache_15 = alloca i32 1" [src/mobilenet_block_accel.cpp:175]   --->   Operation 23 'alloca' 'w_cache_15' <Predicate = true> <Delay = 0.00>
ST_1 : Operation 24 [1/1] (0.00ns)   --->   "%w_cache_16 = alloca i32 1" [src/mobilenet_block_accel.cpp:175]   --->   Operation 24 'alloca' 'w_cache_16' <Predicate = true> <Delay = 0.00>
ST_1 : Operation 25 [1/1] (0.00ns)   --->   "%w_cache_17 = alloca i32 1" [src/mobilenet_block_accel.cpp:175]   --->   Operation 25 'alloca' 'w_cache_17' <Predicate = true> <Delay = 0.00>
ST_1 : Operation 26 [1/1] (0.00ns)   --->   "%dw_weights_read = read i64 @_ssdm_op_Read.ap_auto.i64, i64 %dw_weights"   --->   Operation 26 'read' 'dw_weights_read' <Predicate = true> <Delay = 0.00>
ST_1 : Operation 27 [1/1] (0.00ns)   --->   "%zext_ln181_3_read = read i35 @_ssdm_op_Read.ap_auto.i35, i35 %zext_ln181_3"   --->   Operation 27 'read' 'zext_ln181_3_read' <Predicate = true> <Delay = 0.00>
ST_1 : Operation 28 [1/1] (0.00ns)   --->   "%w_cache_read = read i8 @_ssdm_op_Read.ap_auto.i8, i8 %w_cache"   --->   Operation 28 'read' 'w_cache_read' <Predicate = true> <Delay = 0.00>
ST_1 : Operation 29 [1/1] (0.00ns)   --->   "%w_cache_1_read = read i8 @_ssdm_op_Read.ap_auto.i8, i8 %w_cache_1"   --->   Operation 29 'read' 'w_cache_1_read' <Predicate = true> <Delay = 0.00>
ST_1 : Operation 30 [1/1] (0.00ns)   --->   "%w_cache_2_read = read i8 @_ssdm_op_Read.ap_auto.i8, i8 %w_cache_2"   --->   Operation 30 'read' 'w_cache_2_read' <Predicate = true> <Delay = 0.00>
ST_1 : Operation 31 [1/1] (0.00ns)   --->   "%w_cache_3_read = read i8 @_ssdm_op_Read.ap_auto.i8, i8 %w_cache_3"   --->   Operation 31 'read' 'w_cache_3_read' <Predicate = true> <Delay = 0.00>
ST_1 : Operation 32 [1/1] (0.00ns)   --->   "%w_cache_4_read = read i8 @_ssdm_op_Read.ap_auto.i8, i8 %w_cache_4"   --->   Operation 32 'read' 'w_cache_4_read' <Predicate = true> <Delay = 0.00>
ST_1 : Operation 33 [1/1] (0.00ns)   --->   "%w_cache_5_read = read i8 @_ssdm_op_Read.ap_auto.i8, i8 %w_cache_5"   --->   Operation 33 'read' 'w_cache_5_read' <Predicate = true> <Delay = 0.00>
ST_1 : Operation 34 [1/1] (0.00ns)   --->   "%w_cache_6_read = read i8 @_ssdm_op_Read.ap_auto.i8, i8 %w_cache_6"   --->   Operation 34 'read' 'w_cache_6_read' <Predicate = true> <Delay = 0.00>
ST_1 : Operation 35 [1/1] (0.00ns)   --->   "%w_cache_7_read = read i8 @_ssdm_op_Read.ap_auto.i8, i8 %w_cache_7"   --->   Operation 35 'read' 'w_cache_7_read' <Predicate = true> <Delay = 0.00>
ST_1 : Operation 36 [1/1] (0.00ns)   --->   "%w_cache_8_read = read i8 @_ssdm_op_Read.ap_auto.i8, i8 %w_cache_8"   --->   Operation 36 'read' 'w_cache_8_read' <Predicate = true> <Delay = 0.00>
ST_1 : Operation 37 [1/1] (0.00ns)   --->   "%zext_ln181_3_cast = zext i35 %zext_ln181_3_read"   --->   Operation 37 'zext' 'zext_ln181_3_cast' <Predicate = true> <Delay = 0.00>
ST_1 : Operation 38 [1/1] (0.00ns)   --->   "%specinterface_ln0 = specinterface void @_ssdm_op_SpecInterface, i32 %gmem_dw_w, void @empty_5, i32 0, i32 0, void @empty_42, i32 0, i32 2304, void @empty, void @empty_44, void @empty_42, i32 16, i32 16, i32 16, i32 16, void @empty_42, void @empty_42, i32 4294967295, i32 0, i32 0"   --->   Operation 38 'specinterface' 'specinterface_ln0' <Predicate = true> <Delay = 0.00>
ST_1 : Operation 39 [1/1] (0.42ns)   --->   "%store_ln175 = store i8 %w_cache_8_read, i8 %w_cache_17" [src/mobilenet_block_accel.cpp:175]   --->   Operation 39 'store' 'store_ln175' <Predicate = true> <Delay = 0.42>
ST_1 : Operation 40 [1/1] (0.42ns)   --->   "%store_ln175 = store i8 %w_cache_7_read, i8 %w_cache_16" [src/mobilenet_block_accel.cpp:175]   --->   Operation 40 'store' 'store_ln175' <Predicate = true> <Delay = 0.42>
ST_1 : Operation 41 [1/1] (0.42ns)   --->   "%store_ln175 = store i8 %w_cache_6_read, i8 %w_cache_15" [src/mobilenet_block_accel.cpp:175]   --->   Operation 41 'store' 'store_ln175' <Predicate = true> <Delay = 0.42>
ST_1 : Operation 42 [1/1] (0.42ns)   --->   "%store_ln175 = store i8 %w_cache_5_read, i8 %w_cache_14" [src/mobilenet_block_accel.cpp:175]   --->   Operation 42 'store' 'store_ln175' <Predicate = true> <Delay = 0.42>
ST_1 : Operation 43 [1/1] (0.42ns)   --->   "%store_ln175 = store i8 %w_cache_4_read, i8 %w_cache_13" [src/mobilenet_block_accel.cpp:175]   --->   Operation 43 'store' 'store_ln175' <Predicate = true> <Delay = 0.42>
ST_1 : Operation 44 [1/1] (0.42ns)   --->   "%store_ln175 = store i8 %w_cache_3_read, i8 %w_cache_12" [src/mobilenet_block_accel.cpp:175]   --->   Operation 44 'store' 'store_ln175' <Predicate = true> <Delay = 0.42>
ST_1 : Operation 45 [1/1] (0.42ns)   --->   "%store_ln175 = store i8 %w_cache_2_read, i8 %w_cache_11" [src/mobilenet_block_accel.cpp:175]   --->   Operation 45 'store' 'store_ln175' <Predicate = true> <Delay = 0.42>
ST_1 : Operation 46 [1/1] (0.42ns)   --->   "%store_ln175 = store i8 %w_cache_1_read, i8 %w_cache_10" [src/mobilenet_block_accel.cpp:175]   --->   Operation 46 'store' 'store_ln175' <Predicate = true> <Delay = 0.42>
ST_1 : Operation 47 [1/1] (0.42ns)   --->   "%store_ln175 = store i8 %w_cache_read, i8 %w_cache_9" [src/mobilenet_block_accel.cpp:175]   --->   Operation 47 'store' 'store_ln175' <Predicate = true> <Delay = 0.42>
ST_1 : Operation 48 [1/1] (0.42ns)   --->   "%store_ln0 = store i4 0, i4 %indvar_flatten"   --->   Operation 48 'store' 'store_ln0' <Predicate = true> <Delay = 0.42>
ST_1 : Operation 49 [1/1] (0.42ns)   --->   "%store_ln186 = store i2 0, i2 %ky" [src/mobilenet_block_accel.cpp:186]   --->   Operation 49 'store' 'store_ln186' <Predicate = true> <Delay = 0.42>
ST_1 : Operation 50 [1/1] (0.42ns)   --->   "%store_ln187 = store i2 0, i2 %kx" [src/mobilenet_block_accel.cpp:187]   --->   Operation 50 'store' 'store_ln187' <Predicate = true> <Delay = 0.42>
ST_1 : Operation 51 [1/1] (0.00ns)   --->   "%br_ln0 = br void %for.inc"   --->   Operation 51 'br' 'br_ln0' <Predicate = true> <Delay = 0.00>
ST_1 : Operation 52 [1/1] (0.00ns)   --->   "%indvar_flatten_load = load i4 %indvar_flatten" [src/mobilenet_block_accel.cpp:186]   --->   Operation 52 'load' 'indvar_flatten_load' <Predicate = true> <Delay = 0.00>
ST_1 : Operation 53 [1/1] (0.79ns)   --->   "%icmp_ln186 = icmp_eq  i4 %indvar_flatten_load, i4 9" [src/mobilenet_block_accel.cpp:186]   --->   Operation 53 'icmp' 'icmp_ln186' <Predicate = true> <Delay = 0.79> <CoreInst = "Cmp">   --->   Core 9 'Cmp' <Latency = 0> <II = 1> <Delay = 0.79> <FuncUnit> <Opcode : 'seteq' 'setne' 'setle' 'setge' 'setlt' 'setgt'> <InPorts = 2> <OutPorts = 1>
ST_1 : Operation 54 [1/1] (0.79ns)   --->   "%add_ln186 = add i4 %indvar_flatten_load, i4 1" [src/mobilenet_block_accel.cpp:186]   --->   Operation 54 'add' 'add_ln186' <Predicate = true> <Delay = 0.79> <CoreInst = "Adder">   --->   Core 1 'Adder' <Latency = 0> <II = 1> <Delay = 0.79> <FuncUnit> <Opcode : 'add' 'sub'> <InPorts = 2> <OutPorts = 1>
ST_1 : Operation 55 [1/1] (0.00ns)   --->   "%br_ln186 = br i1 %icmp_ln186, void %for.inc15, void %cond.true.exitStub" [src/mobilenet_block_accel.cpp:186]   --->   Operation 55 'br' 'br_ln186' <Predicate = true> <Delay = 0.00>
ST_1 : Operation 56 [1/1] (0.00ns)   --->   "%kx_load = load i2 %kx" [src/mobilenet_block_accel.cpp:187]   --->   Operation 56 'load' 'kx_load' <Predicate = (!icmp_ln186)> <Delay = 0.00>
ST_1 : Operation 57 [1/1] (0.00ns)   --->   "%ky_load = load i2 %ky" [src/mobilenet_block_accel.cpp:186]   --->   Operation 57 'load' 'ky_load' <Predicate = (!icmp_ln186)> <Delay = 0.00>
ST_1 : Operation 58 [1/1] (0.54ns)   --->   "%icmp_ln187 = icmp_eq  i2 %kx_load, i2 3" [src/mobilenet_block_accel.cpp:187]   --->   Operation 58 'icmp' 'icmp_ln187' <Predicate = (!icmp_ln186)> <Delay = 0.54> <CoreInst = "Cmp">   --->   Core 9 'Cmp' <Latency = 0> <II = 1> <Delay = 0.54> <FuncUnit> <Opcode : 'seteq' 'setne' 'setle' 'setge' 'setlt' 'setgt'> <InPorts = 2> <OutPorts = 1>
ST_1 : Operation 59 [1/1] (0.17ns)   --->   "%select_ln175 = select i1 %icmp_ln187, i2 0, i2 %kx_load" [src/mobilenet_block_accel.cpp:175]   --->   Operation 59 'select' 'select_ln175' <Predicate = (!icmp_ln186)> <Delay = 0.17> <CoreInst = "Sel">   --->   Core 73 'Sel' <Latency = 0> <II = 1> <Delay = 0.17> <FuncUnit> <Opcode : 'select'> <InPorts = 3> <OutPorts = 1>
ST_1 : Operation 60 [1/1] (0.54ns)   --->   "%add_ln186_1 = add i2 %ky_load, i2 1" [src/mobilenet_block_accel.cpp:186]   --->   Operation 60 'add' 'add_ln186_1' <Predicate = (!icmp_ln186)> <Delay = 0.54> <CoreInst = "Adder">   --->   Core 1 'Adder' <Latency = 0> <II = 1> <Delay = 0.54> <FuncUnit> <Opcode : 'add' 'sub'> <InPorts = 2> <OutPorts = 1>
ST_1 : Operation 61 [1/1] (0.17ns)   --->   "%select_ln186 = select i1 %icmp_ln187, i2 %add_ln186_1, i2 %ky_load" [src/mobilenet_block_accel.cpp:186]   --->   Operation 61 'select' 'select_ln186' <Predicate = (!icmp_ln186)> <Delay = 0.17> <CoreInst = "Sel">   --->   Core 73 'Sel' <Latency = 0> <II = 1> <Delay = 0.17> <FuncUnit> <Opcode : 'select'> <InPorts = 3> <OutPorts = 1>
ST_1 : Operation 62 [1/1] (0.00ns)   --->   "%zext_ln186 = zext i2 %select_ln186" [src/mobilenet_block_accel.cpp:186]   --->   Operation 62 'zext' 'zext_ln186' <Predicate = (!icmp_ln186)> <Delay = 0.00>
ST_1 : Operation 63 [1/1] (0.00ns)   --->   "%p_shl = bitconcatenate i4 @_ssdm_op_BitConcatenate.i4.i2.i2, i2 %select_ln186, i2 0" [src/mobilenet_block_accel.cpp:186]   --->   Operation 63 'bitconcatenate' 'p_shl' <Predicate = (!icmp_ln186)> <Delay = 0.00>
ST_1 : Operation 64 [1/1] (0.00ns) (grouped into TernaryAdder)   --->   "%empty = sub i4 %p_shl, i4 %zext_ln186" [src/mobilenet_block_accel.cpp:186]   --->   Operation 64 'sub' 'empty' <Predicate = (!icmp_ln186)> <Delay = 0.00> <CoreInst = "TAddSub">   --->   Core 10 'TAddSub' <Latency = 0> <II = 1> <Delay = 0.40> <IPBlock> <Opcode : '' 'add' 'sub'> <InPorts = 3> <OutPorts = 1> <Sync> <CReg>
ST_1 : Operation 65 [1/1] (0.00ns)   --->   "%zext_ln187 = zext i2 %select_ln175" [src/mobilenet_block_accel.cpp:187]   --->   Operation 65 'zext' 'zext_ln187' <Predicate = (!icmp_ln186)> <Delay = 0.00>
ST_1 : Operation 66 [1/1] (0.00ns) (grouped into TernaryAdder)   --->   "%add_ln189 = add i64 %zext_ln181_3_cast, i64 %dw_weights_read" [src/mobilenet_block_accel.cpp:189]   --->   Operation 66 'add' 'add_ln189' <Predicate = (!icmp_ln186)> <Delay = 0.00> <CoreInst = "TAddSub">   --->   Core 10 'TAddSub' <Latency = 0> <II = 1> <Delay = 0.40> <IPBlock> <Opcode : '' 'add' 'sub'> <InPorts = 3> <OutPorts = 1> <Sync> <CReg>
ST_1 : Operation 67 [1/1] (0.46ns) (root node of TernaryAdder)   --->   "%add_ln189_2 = add i4 %empty, i4 %zext_ln187" [src/mobilenet_block_accel.cpp:189]   --->   Operation 67 'add' 'add_ln189_2' <Predicate = (!icmp_ln186)> <Delay = 0.46> <CoreInst = "TAddSub">   --->   Core 10 'TAddSub' <Latency = 0> <II = 1> <Delay = 0.40> <IPBlock> <Opcode : '' 'add' 'sub'> <InPorts = 3> <OutPorts = 1> <Sync> <CReg>
ST_1 : Operation 68 [1/1] (0.00ns)   --->   "%zext_ln189 = zext i4 %add_ln189_2" [src/mobilenet_block_accel.cpp:189]   --->   Operation 68 'zext' 'zext_ln189' <Predicate = (!icmp_ln186)> <Delay = 0.00>
ST_1 : Operation 69 [1/1] (0.81ns) (root node of TernaryAdder)   --->   "%add_ln189_1 = add i64 %zext_ln189, i64 %add_ln189" [src/mobilenet_block_accel.cpp:189]   --->   Operation 69 'add' 'add_ln189_1' <Predicate = (!icmp_ln186)> <Delay = 0.81> <CoreInst = "TAddSub">   --->   Core 10 'TAddSub' <Latency = 0> <II = 1> <Delay = 0.40> <IPBlock> <Opcode : '' 'add' 'sub'> <InPorts = 3> <OutPorts = 1> <Sync> <CReg>
ST_1 : Operation 70 [1/1] (0.00ns)   --->   "%trunc_ln189_1 = partselect i62 @_ssdm_op_PartSelect.i62.i64.i32.i32, i64 %add_ln189_1, i32 2, i32 63" [src/mobilenet_block_accel.cpp:189]   --->   Operation 70 'partselect' 'trunc_ln189_1' <Predicate = (!icmp_ln186)> <Delay = 0.00>
ST_1 : Operation 71 [1/1] (0.00ns)   --->   "%sext_ln189 = sext i62 %trunc_ln189_1" [src/mobilenet_block_accel.cpp:189]   --->   Operation 71 'sext' 'sext_ln189' <Predicate = (!icmp_ln186)> <Delay = 0.00>
ST_1 : Operation 72 [1/1] (0.00ns)   --->   "%gmem_dw_w_addr = getelementptr i32 %gmem_dw_w, i64 %sext_ln189" [src/mobilenet_block_accel.cpp:189]   --->   Operation 72 'getelementptr' 'gmem_dw_w_addr' <Predicate = (!icmp_ln186)> <Delay = 0.00>
ST_1 : Operation 73 [1/1] (0.00ns)   --->   "%trunc_ln189 = trunc i64 %add_ln189_1" [src/mobilenet_block_accel.cpp:189]   --->   Operation 73 'trunc' 'trunc_ln189' <Predicate = (!icmp_ln186)> <Delay = 0.00>
ST_1 : Operation 74 [1/1] (0.54ns)   --->   "%switch_ln189 = switch i2 %select_ln186, void %arrayidx1423.case.2, i2 0, void %arrayidx1423.case.0, i2 1, void %arrayidx1423.case.1" [src/mobilenet_block_accel.cpp:189]   --->   Operation 74 'switch' 'switch_ln189' <Predicate = (!icmp_ln186)> <Delay = 0.54>
ST_1 : Operation 75 [1/1] (0.54ns)   --->   "%switch_ln189 = switch i2 %select_ln175, void %arrayidx1423.case.210, i2 0, void %arrayidx1423.case.08, i2 1, void %arrayidx1423.case.1.arrayidx1423.exit_crit_edge" [src/mobilenet_block_accel.cpp:189]   --->   Operation 75 'switch' 'switch_ln189' <Predicate = (!icmp_ln186 & select_ln186 == 1)> <Delay = 0.54>
ST_1 : Operation 76 [1/1] (0.54ns)   --->   "%switch_ln189 = switch i2 %select_ln175, void %arrayidx1423.case.25, i2 0, void %arrayidx1423.case.03, i2 1, void %arrayidx1423.case.0.arrayidx1423.exit_crit_edge" [src/mobilenet_block_accel.cpp:189]   --->   Operation 76 'switch' 'switch_ln189' <Predicate = (!icmp_ln186 & select_ln186 == 0)> <Delay = 0.54>
ST_1 : Operation 77 [1/1] (0.54ns)   --->   "%switch_ln189 = switch i2 %select_ln175, void %arrayidx1423.case.215, i2 0, void %arrayidx1423.case.013, i2 1, void %arrayidx1423.case.2.arrayidx1423.exit_crit_edge" [src/mobilenet_block_accel.cpp:189]   --->   Operation 77 'switch' 'switch_ln189' <Predicate = (!icmp_ln186 & select_ln186 != 0 & select_ln186 != 1)> <Delay = 0.54>
ST_1 : Operation 78 [1/1] (0.54ns)   --->   "%add_ln187 = add i2 %select_ln175, i2 1" [src/mobilenet_block_accel.cpp:187]   --->   Operation 78 'add' 'add_ln187' <Predicate = (!icmp_ln186)> <Delay = 0.54> <CoreInst = "Adder">   --->   Core 1 'Adder' <Latency = 0> <II = 1> <Delay = 0.54> <FuncUnit> <Opcode : 'add' 'sub'> <InPorts = 2> <OutPorts = 1>
ST_1 : Operation 79 [1/1] (0.42ns)   --->   "%store_ln186 = store i4 %add_ln186, i4 %indvar_flatten" [src/mobilenet_block_accel.cpp:186]   --->   Operation 79 'store' 'store_ln186' <Predicate = (!icmp_ln186)> <Delay = 0.42>
ST_1 : Operation 80 [1/1] (0.42ns)   --->   "%store_ln186 = store i2 %select_ln186, i2 %ky" [src/mobilenet_block_accel.cpp:186]   --->   Operation 80 'store' 'store_ln186' <Predicate = (!icmp_ln186)> <Delay = 0.42>
ST_1 : Operation 81 [1/1] (0.42ns)   --->   "%store_ln187 = store i2 %add_ln187, i2 %kx" [src/mobilenet_block_accel.cpp:187]   --->   Operation 81 'store' 'store_ln187' <Predicate = (!icmp_ln186)> <Delay = 0.42>
ST_1 : Operation 82 [1/1] (0.00ns)   --->   "%br_ln187 = br void %for.inc" [src/mobilenet_block_accel.cpp:187]   --->   Operation 82 'br' 'br_ln187' <Predicate = (!icmp_ln186)> <Delay = 0.00>

State 2 <SV = 1> <Delay = 7.30>
ST_2 : Operation 83 [8/8] (7.30ns)   --->   "%gmem_dw_w_load_req = readreq i1 @_ssdm_op_ReadReq.m_axi.i32P1A, i32 %gmem_dw_w_addr, i64 1" [src/mobilenet_block_accel.cpp:189]   --->   Operation 83 'readreq' 'gmem_dw_w_load_req' <Predicate = true> <Delay = 7.30> <CoreInst = "m_axi">   --->   Core 119 'm_axi' <Latency = 6> <II = 1> <Delay = 1.00> <Adapter> <Opcode : 'read' 'write' 'readreq' 'writereq' 'writeresp'>

State 3 <SV = 2> <Delay = 7.30>
ST_3 : Operation 84 [7/8] (7.30ns)   --->   "%gmem_dw_w_load_req = readreq i1 @_ssdm_op_ReadReq.m_axi.i32P1A, i32 %gmem_dw_w_addr, i64 1" [src/mobilenet_block_accel.cpp:189]   --->   Operation 84 'readreq' 'gmem_dw_w_load_req' <Predicate = true> <Delay = 7.30> <CoreInst = "m_axi">   --->   Core 119 'm_axi' <Latency = 6> <II = 1> <Delay = 1.00> <Adapter> <Opcode : 'read' 'write' 'readreq' 'writereq' 'writeresp'>

State 4 <SV = 3> <Delay = 7.30>
ST_4 : Operation 85 [6/8] (7.30ns)   --->   "%gmem_dw_w_load_req = readreq i1 @_ssdm_op_ReadReq.m_axi.i32P1A, i32 %gmem_dw_w_addr, i64 1" [src/mobilenet_block_accel.cpp:189]   --->   Operation 85 'readreq' 'gmem_dw_w_load_req' <Predicate = true> <Delay = 7.30> <CoreInst = "m_axi">   --->   Core 119 'm_axi' <Latency = 6> <II = 1> <Delay = 1.00> <Adapter> <Opcode : 'read' 'write' 'readreq' 'writereq' 'writeresp'>

State 5 <SV = 4> <Delay = 7.30>
ST_5 : Operation 86 [5/8] (7.30ns)   --->   "%gmem_dw_w_load_req = readreq i1 @_ssdm_op_ReadReq.m_axi.i32P1A, i32 %gmem_dw_w_addr, i64 1" [src/mobilenet_block_accel.cpp:189]   --->   Operation 86 'readreq' 'gmem_dw_w_load_req' <Predicate = true> <Delay = 7.30> <CoreInst = "m_axi">   --->   Core 119 'm_axi' <Latency = 6> <II = 1> <Delay = 1.00> <Adapter> <Opcode : 'read' 'write' 'readreq' 'writereq' 'writeresp'>

State 6 <SV = 5> <Delay = 7.30>
ST_6 : Operation 87 [4/8] (7.30ns)   --->   "%gmem_dw_w_load_req = readreq i1 @_ssdm_op_ReadReq.m_axi.i32P1A, i32 %gmem_dw_w_addr, i64 1" [src/mobilenet_block_accel.cpp:189]   --->   Operation 87 'readreq' 'gmem_dw_w_load_req' <Predicate = true> <Delay = 7.30> <CoreInst = "m_axi">   --->   Core 119 'm_axi' <Latency = 6> <II = 1> <Delay = 1.00> <Adapter> <Opcode : 'read' 'write' 'readreq' 'writereq' 'writeresp'>

State 7 <SV = 6> <Delay = 7.30>
ST_7 : Operation 88 [3/8] (7.30ns)   --->   "%gmem_dw_w_load_req = readreq i1 @_ssdm_op_ReadReq.m_axi.i32P1A, i32 %gmem_dw_w_addr, i64 1" [src/mobilenet_block_accel.cpp:189]   --->   Operation 88 'readreq' 'gmem_dw_w_load_req' <Predicate = true> <Delay = 7.30> <CoreInst = "m_axi">   --->   Core 119 'm_axi' <Latency = 6> <II = 1> <Delay = 1.00> <Adapter> <Opcode : 'read' 'write' 'readreq' 'writereq' 'writeresp'>

State 8 <SV = 7> <Delay = 7.30>
ST_8 : Operation 89 [2/8] (7.30ns)   --->   "%gmem_dw_w_load_req = readreq i1 @_ssdm_op_ReadReq.m_axi.i32P1A, i32 %gmem_dw_w_addr, i64 1" [src/mobilenet_block_accel.cpp:189]   --->   Operation 89 'readreq' 'gmem_dw_w_load_req' <Predicate = true> <Delay = 7.30> <CoreInst = "m_axi">   --->   Core 119 'm_axi' <Latency = 6> <II = 1> <Delay = 1.00> <Adapter> <Opcode : 'read' 'write' 'readreq' 'writereq' 'writeresp'>

State 9 <SV = 8> <Delay = 7.30>
ST_9 : Operation 90 [1/8] (7.30ns)   --->   "%gmem_dw_w_load_req = readreq i1 @_ssdm_op_ReadReq.m_axi.i32P1A, i32 %gmem_dw_w_addr, i64 1" [src/mobilenet_block_accel.cpp:189]   --->   Operation 90 'readreq' 'gmem_dw_w_load_req' <Predicate = true> <Delay = 7.30> <CoreInst = "m_axi">   --->   Core 119 'm_axi' <Latency = 6> <II = 1> <Delay = 1.00> <Adapter> <Opcode : 'read' 'write' 'readreq' 'writereq' 'writeresp'>

State 10 <SV = 9> <Delay = 7.30>
ST_10 : Operation 91 [1/1] (7.30ns)   --->   "%gmem_dw_w_addr_read = read i32 @_ssdm_op_Read.m_axi.i32P1A, i32 %gmem_dw_w_addr" [src/mobilenet_block_accel.cpp:189]   --->   Operation 91 'read' 'gmem_dw_w_addr_read' <Predicate = true> <Delay = 7.30> <CoreInst = "m_axi">   --->   Core 119 'm_axi' <Latency = 3> <II = 1> <Delay = 1.00> <Adapter> <Opcode : 'read' 'write' 'readreq' 'writereq' 'writeresp'>
ST_10 : Operation 117 [1/1] (0.00ns)   --->   "%w_cache_9_load = load i8 %w_cache_9"   --->   Operation 117 'load' 'w_cache_9_load' <Predicate = (icmp_ln186)> <Delay = 0.00>
ST_10 : Operation 118 [1/1] (0.00ns)   --->   "%w_cache_10_load = load i8 %w_cache_10"   --->   Operation 118 'load' 'w_cache_10_load' <Predicate = (icmp_ln186)> <Delay = 0.00>
ST_10 : Operation 119 [1/1] (0.00ns)   --->   "%w_cache_11_load = load i8 %w_cache_11"   --->   Operation 119 'load' 'w_cache_11_load' <Predicate = (icmp_ln186)> <Delay = 0.00>
ST_10 : Operation 120 [1/1] (0.00ns)   --->   "%w_cache_12_load = load i8 %w_cache_12"   --->   Operation 120 'load' 'w_cache_12_load' <Predicate = (icmp_ln186)> <Delay = 0.00>
ST_10 : Operation 121 [1/1] (0.00ns)   --->   "%w_cache_13_load = load i8 %w_cache_13"   --->   Operation 121 'load' 'w_cache_13_load' <Predicate = (icmp_ln186)> <Delay = 0.00>
ST_10 : Operation 122 [1/1] (0.00ns)   --->   "%w_cache_14_load = load i8 %w_cache_14"   --->   Operation 122 'load' 'w_cache_14_load' <Predicate = (icmp_ln186)> <Delay = 0.00>
ST_10 : Operation 123 [1/1] (0.00ns)   --->   "%w_cache_15_load = load i8 %w_cache_15"   --->   Operation 123 'load' 'w_cache_15_load' <Predicate = (icmp_ln186)> <Delay = 0.00>
ST_10 : Operation 124 [1/1] (0.00ns)   --->   "%w_cache_16_load = load i8 %w_cache_16"   --->   Operation 124 'load' 'w_cache_16_load' <Predicate = (icmp_ln186)> <Delay = 0.00>
ST_10 : Operation 125 [1/1] (0.00ns)   --->   "%w_cache_17_load = load i8 %w_cache_17"   --->   Operation 125 'load' 'w_cache_17_load' <Predicate = (icmp_ln186)> <Delay = 0.00>
ST_10 : Operation 126 [1/1] (0.00ns)   --->   "%write_ln0 = write void @_ssdm_op_Write.ap_auto.i8P0A, i8 %w_cache_17_out, i8 %w_cache_17_load"   --->   Operation 126 'write' 'write_ln0' <Predicate = (icmp_ln186)> <Delay = 0.00>
ST_10 : Operation 127 [1/1] (0.00ns)   --->   "%write_ln0 = write void @_ssdm_op_Write.ap_auto.i8P0A, i8 %w_cache_16_out, i8 %w_cache_16_load"   --->   Operation 127 'write' 'write_ln0' <Predicate = (icmp_ln186)> <Delay = 0.00>
ST_10 : Operation 128 [1/1] (0.00ns)   --->   "%write_ln0 = write void @_ssdm_op_Write.ap_auto.i8P0A, i8 %w_cache_15_out, i8 %w_cache_15_load"   --->   Operation 128 'write' 'write_ln0' <Predicate = (icmp_ln186)> <Delay = 0.00>
ST_10 : Operation 129 [1/1] (0.00ns)   --->   "%write_ln0 = write void @_ssdm_op_Write.ap_auto.i8P0A, i8 %w_cache_14_out, i8 %w_cache_14_load"   --->   Operation 129 'write' 'write_ln0' <Predicate = (icmp_ln186)> <Delay = 0.00>
ST_10 : Operation 130 [1/1] (0.00ns)   --->   "%write_ln0 = write void @_ssdm_op_Write.ap_auto.i8P0A, i8 %w_cache_13_out, i8 %w_cache_13_load"   --->   Operation 130 'write' 'write_ln0' <Predicate = (icmp_ln186)> <Delay = 0.00>
ST_10 : Operation 131 [1/1] (0.00ns)   --->   "%write_ln0 = write void @_ssdm_op_Write.ap_auto.i8P0A, i8 %w_cache_12_out, i8 %w_cache_12_load"   --->   Operation 131 'write' 'write_ln0' <Predicate = (icmp_ln186)> <Delay = 0.00>
ST_10 : Operation 132 [1/1] (0.00ns)   --->   "%write_ln0 = write void @_ssdm_op_Write.ap_auto.i8P0A, i8 %w_cache_11_out, i8 %w_cache_11_load"   --->   Operation 132 'write' 'write_ln0' <Predicate = (icmp_ln186)> <Delay = 0.00>
ST_10 : Operation 133 [1/1] (0.00ns)   --->   "%write_ln0 = write void @_ssdm_op_Write.ap_auto.i8P0A, i8 %w_cache_10_out, i8 %w_cache_10_load"   --->   Operation 133 'write' 'write_ln0' <Predicate = (icmp_ln186)> <Delay = 0.00>
ST_10 : Operation 134 [1/1] (0.00ns)   --->   "%write_ln0 = write void @_ssdm_op_Write.ap_auto.i8P0A, i8 %w_cache_9_out, i8 %w_cache_9_load"   --->   Operation 134 'write' 'write_ln0' <Predicate = (icmp_ln186)> <Delay = 0.00>
ST_10 : Operation 135 [1/1] (0.42ns)   --->   "%ret_ln0 = ret"   --->   Operation 135 'ret' 'ret_ln0' <Predicate = (icmp_ln186)> <Delay = 0.42>

State 11 <SV = 10> <Delay = 1.81>
ST_11 : Operation 92 [1/1] (0.00ns)   --->   "%specloopname_ln0 = specloopname void @_ssdm_op_SpecLoopName, void @DW_LOAD_W_VITIS_LOOP_187_1_str"   --->   Operation 92 'specloopname' 'specloopname_ln0' <Predicate = true> <Delay = 0.00>
ST_11 : Operation 93 [1/1] (0.00ns)   --->   "%speclooptripcount_ln0 = speclooptripcount void @_ssdm_op_SpecLoopTripCount, i64 9, i64 9, i64 9"   --->   Operation 93 'speclooptripcount' 'speclooptripcount_ln0' <Predicate = true> <Delay = 0.00>
ST_11 : Operation 94 [1/1] (0.00ns)   --->   "%specpipeline_ln188 = specpipeline void @_ssdm_op_SpecPipeline, i32 1, i32 0, i32 0, i32 0, void @empty_42" [src/mobilenet_block_accel.cpp:188]   --->   Operation 94 'specpipeline' 'specpipeline_ln188' <Predicate = true> <Delay = 0.00>
ST_11 : Operation 95 [1/1] (0.00ns)   --->   "%shl_ln3 = bitconcatenate i5 @_ssdm_op_BitConcatenate.i5.i2.i3, i2 %trunc_ln189, i3 0" [src/mobilenet_block_accel.cpp:189]   --->   Operation 95 'bitconcatenate' 'shl_ln3' <Predicate = true> <Delay = 0.00>
ST_11 : Operation 96 [1/1] (0.00ns)   --->   "%zext_ln189_1 = zext i5 %shl_ln3" [src/mobilenet_block_accel.cpp:189]   --->   Operation 96 'zext' 'zext_ln189_1' <Predicate = true> <Delay = 0.00>
ST_11 : Operation 97 [1/1] (1.38ns)   --->   "%lshr_ln189 = lshr i32 %gmem_dw_w_addr_read, i32 %zext_ln189_1" [src/mobilenet_block_accel.cpp:189]   --->   Operation 97 'lshr' 'lshr_ln189' <Predicate = true> <Delay = 1.38> <CoreInst = "Shifter">   --->   Core 75 'Shifter' <Latency = 0> <II = 1> <Delay = 1.38> <FuncUnit> <Opcode : 'shl' 'lshr' 'ashr'> <InPorts = 2> <OutPorts = 1>
ST_11 : Operation 98 [1/1] (0.00ns)   --->   "%w_cache_18 = trunc i32 %lshr_ln189" [src/mobilenet_block_accel.cpp:189]   --->   Operation 98 'trunc' 'w_cache_18' <Predicate = true> <Delay = 0.00>
ST_11 : Operation 99 [1/1] (0.42ns)   --->   "%store_ln175 = store i8 %w_cache_18, i8 %w_cache_13" [src/mobilenet_block_accel.cpp:175]   --->   Operation 99 'store' 'store_ln175' <Predicate = (select_ln186 == 1 & select_ln175 == 1)> <Delay = 0.42>
ST_11 : Operation 100 [1/1] (0.00ns)   --->   "%br_ln189 = br void %arrayidx1423.exit" [src/mobilenet_block_accel.cpp:189]   --->   Operation 100 'br' 'br_ln189' <Predicate = (select_ln186 == 1 & select_ln175 == 1)> <Delay = 0.00>
ST_11 : Operation 101 [1/1] (0.42ns)   --->   "%store_ln175 = store i8 %w_cache_18, i8 %w_cache_12" [src/mobilenet_block_accel.cpp:175]   --->   Operation 101 'store' 'store_ln175' <Predicate = (select_ln186 == 1 & select_ln175 == 0)> <Delay = 0.42>
ST_11 : Operation 102 [1/1] (0.00ns)   --->   "%br_ln189 = br void %arrayidx1423.exit" [src/mobilenet_block_accel.cpp:189]   --->   Operation 102 'br' 'br_ln189' <Predicate = (select_ln186 == 1 & select_ln175 == 0)> <Delay = 0.00>
ST_11 : Operation 103 [1/1] (0.42ns)   --->   "%store_ln175 = store i8 %w_cache_18, i8 %w_cache_14" [src/mobilenet_block_accel.cpp:175]   --->   Operation 103 'store' 'store_ln175' <Predicate = (select_ln186 == 1 & select_ln175 != 0 & select_ln175 != 1)> <Delay = 0.42>
ST_11 : Operation 104 [1/1] (0.00ns)   --->   "%br_ln189 = br void %arrayidx1423.exit" [src/mobilenet_block_accel.cpp:189]   --->   Operation 104 'br' 'br_ln189' <Predicate = (select_ln186 == 1 & select_ln175 != 0 & select_ln175 != 1)> <Delay = 0.00>
ST_11 : Operation 105 [1/1] (0.42ns)   --->   "%store_ln175 = store i8 %w_cache_18, i8 %w_cache_10" [src/mobilenet_block_accel.cpp:175]   --->   Operation 105 'store' 'store_ln175' <Predicate = (select_ln186 == 0 & select_ln175 == 1)> <Delay = 0.42>
ST_11 : Operation 106 [1/1] (0.00ns)   --->   "%br_ln189 = br void %arrayidx1423.exit" [src/mobilenet_block_accel.cpp:189]   --->   Operation 106 'br' 'br_ln189' <Predicate = (select_ln186 == 0 & select_ln175 == 1)> <Delay = 0.00>
ST_11 : Operation 107 [1/1] (0.42ns)   --->   "%store_ln175 = store i8 %w_cache_18, i8 %w_cache_9" [src/mobilenet_block_accel.cpp:175]   --->   Operation 107 'store' 'store_ln175' <Predicate = (select_ln186 == 0 & select_ln175 == 0)> <Delay = 0.42>
ST_11 : Operation 108 [1/1] (0.00ns)   --->   "%br_ln189 = br void %arrayidx1423.exit" [src/mobilenet_block_accel.cpp:189]   --->   Operation 108 'br' 'br_ln189' <Predicate = (select_ln186 == 0 & select_ln175 == 0)> <Delay = 0.00>
ST_11 : Operation 109 [1/1] (0.42ns)   --->   "%store_ln175 = store i8 %w_cache_18, i8 %w_cache_11" [src/mobilenet_block_accel.cpp:175]   --->   Operation 109 'store' 'store_ln175' <Predicate = (select_ln186 == 0 & select_ln175 != 0 & select_ln175 != 1)> <Delay = 0.42>
ST_11 : Operation 110 [1/1] (0.00ns)   --->   "%br_ln189 = br void %arrayidx1423.exit" [src/mobilenet_block_accel.cpp:189]   --->   Operation 110 'br' 'br_ln189' <Predicate = (select_ln186 == 0 & select_ln175 != 0 & select_ln175 != 1)> <Delay = 0.00>
ST_11 : Operation 111 [1/1] (0.42ns)   --->   "%store_ln175 = store i8 %w_cache_18, i8 %w_cache_16" [src/mobilenet_block_accel.cpp:175]   --->   Operation 111 'store' 'store_ln175' <Predicate = (select_ln186 != 0 & select_ln186 != 1 & select_ln175 == 1)> <Delay = 0.42>
ST_11 : Operation 112 [1/1] (0.00ns)   --->   "%br_ln189 = br void %arrayidx1423.exit" [src/mobilenet_block_accel.cpp:189]   --->   Operation 112 'br' 'br_ln189' <Predicate = (select_ln186 != 0 & select_ln186 != 1 & select_ln175 == 1)> <Delay = 0.00>
ST_11 : Operation 113 [1/1] (0.42ns)   --->   "%store_ln175 = store i8 %w_cache_18, i8 %w_cache_15" [src/mobilenet_block_accel.cpp:175]   --->   Operation 113 'store' 'store_ln175' <Predicate = (select_ln186 != 0 & select_ln186 != 1 & select_ln175 == 0)> <Delay = 0.42>
ST_11 : Operation 114 [1/1] (0.00ns)   --->   "%br_ln189 = br void %arrayidx1423.exit" [src/mobilenet_block_accel.cpp:189]   --->   Operation 114 'br' 'br_ln189' <Predicate = (select_ln186 != 0 & select_ln186 != 1 & select_ln175 == 0)> <Delay = 0.00>
ST_11 : Operation 115 [1/1] (0.42ns)   --->   "%store_ln175 = store i8 %w_cache_18, i8 %w_cache_17" [src/mobilenet_block_accel.cpp:175]   --->   Operation 115 'store' 'store_ln175' <Predicate = (select_ln186 != 0 & select_ln186 != 1 & select_ln175 != 0 & select_ln175 != 1)> <Delay = 0.42>
ST_11 : Operation 116 [1/1] (0.00ns)   --->   "%br_ln189 = br void %arrayidx1423.exit" [src/mobilenet_block_accel.cpp:189]   --->   Operation 116 'br' 'br_ln189' <Predicate = (select_ln186 != 0 & select_ln186 != 1 & select_ln175 != 0 & select_ln175 != 1)> <Delay = 0.00>


============================================================
+ Verbose Summary: Timing violations
============================================================
Target clock period: 10.000ns, clock uncertainty: 2.700ns.

 <State 1>: 2.442ns
The critical path consists of the following:
	'store' operation 0 bit ('store_ln186', src/mobilenet_block_accel.cpp:186) of constant 0 on local variable 'ky', src/mobilenet_block_accel.cpp:186 [57]  (0.427 ns)
	'load' operation 2 bit ('ky_load', src/mobilenet_block_accel.cpp:186) on local variable 'ky', src/mobilenet_block_accel.cpp:186 [67]  (0.000 ns)
	'add' operation 2 bit ('add_ln186_1', src/mobilenet_block_accel.cpp:186) [72]  (0.548 ns)
	'select' operation 2 bit ('select_ln186', src/mobilenet_block_accel.cpp:186) [73]  (0.179 ns)
	'sub' operation 4 bit ('empty', src/mobilenet_block_accel.cpp:186) [76]  (0.000 ns)
	'add' operation 4 bit ('add_ln189_2', src/mobilenet_block_accel.cpp:189) [80]  (0.469 ns)
	'add' operation 64 bit ('add_ln189_1', src/mobilenet_block_accel.cpp:189) [82]  (0.819 ns)

 <State 2>: 7.300ns
The critical path consists of the following:
	bus request operation ('gmem_dw_w_load_req', src/mobilenet_block_accel.cpp:189) on port 'gmem_dw_w' (src/mobilenet_block_accel.cpp:189) [86]  (7.300 ns)

 <State 3>: 7.300ns
The critical path consists of the following:
	bus request operation ('gmem_dw_w_load_req', src/mobilenet_block_accel.cpp:189) on port 'gmem_dw_w' (src/mobilenet_block_accel.cpp:189) [86]  (7.300 ns)

 <State 4>: 7.300ns
The critical path consists of the following:
	bus request operation ('gmem_dw_w_load_req', src/mobilenet_block_accel.cpp:189) on port 'gmem_dw_w' (src/mobilenet_block_accel.cpp:189) [86]  (7.300 ns)

 <State 5>: 7.300ns
The critical path consists of the following:
	bus request operation ('gmem_dw_w_load_req', src/mobilenet_block_accel.cpp:189) on port 'gmem_dw_w' (src/mobilenet_block_accel.cpp:189) [86]  (7.300 ns)

 <State 6>: 7.300ns
The critical path consists of the following:
	bus request operation ('gmem_dw_w_load_req', src/mobilenet_block_accel.cpp:189) on port 'gmem_dw_w' (src/mobilenet_block_accel.cpp:189) [86]  (7.300 ns)

 <State 7>: 7.300ns
The critical path consists of the following:
	bus request operation ('gmem_dw_w_load_req', src/mobilenet_block_accel.cpp:189) on port 'gmem_dw_w' (src/mobilenet_block_accel.cpp:189) [86]  (7.300 ns)

 <State 8>: 7.300ns
The critical path consists of the following:
	bus request operation ('gmem_dw_w_load_req', src/mobilenet_block_accel.cpp:189) on port 'gmem_dw_w' (src/mobilenet_block_accel.cpp:189) [86]  (7.300 ns)

 <State 9>: 7.300ns
The critical path consists of the following:
	bus request operation ('gmem_dw_w_load_req', src/mobilenet_block_accel.cpp:189) on port 'gmem_dw_w' (src/mobilenet_block_accel.cpp:189) [86]  (7.300 ns)

 <State 10>: 7.300ns
The critical path consists of the following:
	bus read operation ('gmem_dw_w_addr_read', src/mobilenet_block_accel.cpp:189) on port 'gmem_dw_w' (src/mobilenet_block_accel.cpp:189) [87]  (7.300 ns)

 <State 11>: 1.815ns
The critical path consists of the following:
	'lshr' operation 32 bit ('lshr_ln189', src/mobilenet_block_accel.cpp:189) [91]  (1.388 ns)
	'store' operation 0 bit ('store_ln175', src/mobilenet_block_accel.cpp:175) of variable 'w_cache', src/mobilenet_block_accel.cpp:189 on local variable 'w_cache', src/mobilenet_block_accel.cpp:175 [100]  (0.427 ns)


============================================================
+ Verbose Summary: Binding
============================================================
N/A
* FSMD analyzer results:
  - Output states:
 - Input state : 
  - Chain level:
	State 1
	State 2
	State 3
	State 4
	State 5
	State 6
	State 7
	State 8
	State 9
	State 10
	State 11


============================================================
+ Verbose Summary: Datapath Resource usage 
============================================================
N/A
