

================================================================
== Vitis HLS Report for 'dataflow_in_loop_TILE_LOOP_1_Block_if_end_aft_proc'
================================================================
* Date:           Mon Feb 23 14:55:42 2026

* Version:        2024.2 (Build 5238294 on Nov  8 2024)
* Project:        hls_project
* Solution:       solution1 (Vivado IP Flow Target)
* Product family: zynquplus
* Target device:  xczu7ev-ffvc1156-2-e


================================================================
== Performance Estimates
================================================================
+ Timing: 
    * Summary: 
    +--------+----------+----------+------------+
    |  Clock |  Target  | Estimated| Uncertainty|
    +--------+----------+----------+------------+
    |ap_clk  |  10.00 ns|  7.300 ns|     2.70 ns|
    +--------+----------+----------+------------+

+ Latency: 
    * Summary: 
    +---------+---------+----------+----------+-----+-----+---------+
    |  Latency (cycles) |  Latency (absolute) |  Interval | Pipeline|
    |   min   |   max   |    min   |    max   | min | max |   Type  |
    +---------+---------+----------+----------+-----+-----+---------+
    |        ?|        ?|         ?|         ?|    ?|    ?|       no|
    +---------+---------+----------+----------+-----+-----+---------+

    + Detail: 
        * Instance: 
        +-------------------------+--------------+---------+---------+----------+----------+-----+-----+---------+
        |                         |              |  Latency (cycles) |  Latency (absolute) |  Interval | Pipeline|
        |         Instance        |    Module    |   min   |   max   |    min   |    max   | min | max |   Type  |
        +-------------------------+--------------+---------+---------+----------+----------+-----+-----+---------+
        |grp_pw_row_stage_fu_228  |pw_row_stage  |        ?|        ?|         ?|         ?|    ?|    ?|       no|
        +-------------------------+--------------+---------+---------+----------+----------+-----+-----+---------+

        * Loop: 
        N/A



================================================================
== Utilization Estimates
================================================================
* Summary: 
+-----------------+---------+------+--------+--------+-----+
|       Name      | BRAM_18K|  DSP |   FF   |   LUT  | URAM|
+-----------------+---------+------+--------+--------+-----+
|DSP              |        -|     -|       -|       -|    -|
|Expression       |        -|     -|       0|       8|    -|
|FIFO             |        -|     -|       -|       -|    -|
|Instance         |        0|    32|    8455|   22665|    0|
|Memory           |        -|     -|       -|       -|    -|
|Multiplexer      |        -|     -|       0|     580|    -|
|Register         |        -|     -|     518|       -|    -|
+-----------------+---------+------+--------+--------+-----+
|Total            |        0|    32|    8973|   23253|    0|
+-----------------+---------+------+--------+--------+-----+
|Available        |      624|  1728|  460800|  230400|   96|
+-----------------+---------+------+--------+--------+-----+
|Utilization (%)  |        0|     1|       1|      10|    0|
+-----------------+---------+------+--------+--------+-----+

+ Detail: 
    * Instance: 
    +-------------------------+--------------+---------+----+------+-------+-----+
    |         Instance        |    Module    | BRAM_18K| DSP|  FF  |  LUT  | URAM|
    +-------------------------+--------------+---------+----+------+-------+-----+
    |grp_pw_row_stage_fu_228  |pw_row_stage  |        0|  32|  8455|  22665|    0|
    +-------------------------+--------------+---------+----+------+-------+-----+
    |Total                    |              |        0|  32|  8455|  22665|    0|
    +-------------------------+--------------+---------+----+------+-------+-----+

    * DSP: 
    N/A

    * Memory: 
    N/A

    * FIFO: 
    N/A

    * Expression: 
    +---------------------------------+----------+----+---+----+------------+------------+
    |          Variable Name          | Operation| DSP| FF| LUT| Bitwidth P0| Bitwidth P1|
    +---------------------------------+----------+----+---+----+------------+------------+
    |ap_predicate_op25_call_state2    |       and|   0|  0|   2|           1|           1|
    |ap_predicate_op27_call_state2    |       and|   0|  0|   2|           1|           1|
    |ap_block_state1                  |        or|   0|  0|   2|           1|           1|
    |ap_block_state2_on_subcall_done  |        or|   0|  0|   2|           1|           1|
    +---------------------------------+----------+----+---+----+------------+------------+
    |Total                            |          |   0|  0|   8|           4|           4|
    +---------------------------------+----------+----+---+----+------------+------------+

    * Multiplexer: 
    +-----------------------------------------------------------------------------------+----+-----------+-----+-----------+
    |                                        Name                                       | LUT| Input Size| Bits| Total Bits|
    +-----------------------------------------------------------------------------------+----+-----------+-----+-----------+
    |ap_NS_fsm                                                                          |  14|          3|    1|          3|
    |ap_done                                                                            |   9|          2|    1|          2|
    |grp_pw_row_stage_fu_228_inter_buf_0_q0                                             |  14|          3|    8|         24|
    |grp_pw_row_stage_fu_228_inter_buf_10_q0                                            |  14|          3|    8|         24|
    |grp_pw_row_stage_fu_228_inter_buf_11_q0                                            |  14|          3|    8|         24|
    |grp_pw_row_stage_fu_228_inter_buf_12_q0                                            |  14|          3|    8|         24|
    |grp_pw_row_stage_fu_228_inter_buf_13_q0                                            |  14|          3|    8|         24|
    |grp_pw_row_stage_fu_228_inter_buf_14_q0                                            |  14|          3|    8|         24|
    |grp_pw_row_stage_fu_228_inter_buf_15_q0                                            |  14|          3|    8|         24|
    |grp_pw_row_stage_fu_228_inter_buf_1_q0                                             |  14|          3|    8|         24|
    |grp_pw_row_stage_fu_228_inter_buf_2_q0                                             |  14|          3|    8|         24|
    |grp_pw_row_stage_fu_228_inter_buf_3_q0                                             |  14|          3|    8|         24|
    |grp_pw_row_stage_fu_228_inter_buf_4_q0                                             |  14|          3|    8|         24|
    |grp_pw_row_stage_fu_228_inter_buf_5_q0                                             |  14|          3|    8|         24|
    |grp_pw_row_stage_fu_228_inter_buf_6_q0                                             |  14|          3|    8|         24|
    |grp_pw_row_stage_fu_228_inter_buf_7_q0                                             |  14|          3|    8|         24|
    |grp_pw_row_stage_fu_228_inter_buf_8_q0                                             |  14|          3|    8|         24|
    |grp_pw_row_stage_fu_228_inter_buf_9_q0                                             |  14|          3|    8|         24|
    |m_axi_gmem_out_0_AWVALID                                                           |   9|          2|    1|          2|
    |m_axi_gmem_out_0_BREADY                                                            |   9|          2|    1|          2|
    |m_axi_gmem_out_0_WVALID                                                            |   9|          2|    1|          2|
    |m_axi_gmem_pw_w_0_ARVALID                                                          |   9|          2|    1|          2|
    |m_axi_gmem_pw_w_0_RREADY                                                           |   9|          2|    1|          2|
    |mobilenet_block_accel_unsigned_char_const_unsigned_char_const_int_const_un_10_ce0  |   9|          2|    1|          2|
    |mobilenet_block_accel_unsigned_char_const_unsigned_char_const_int_const_un_11_ce0  |   9|          2|    1|          2|
    |mobilenet_block_accel_unsigned_char_const_unsigned_char_const_int_const_un_12_ce0  |   9|          2|    1|          2|
    |mobilenet_block_accel_unsigned_char_const_unsigned_char_const_int_const_un_13_ce0  |   9|          2|    1|          2|
    |mobilenet_block_accel_unsigned_char_const_unsigned_char_const_int_const_un_14_ce0  |   9|          2|    1|          2|
    |mobilenet_block_accel_unsigned_char_const_unsigned_char_const_int_const_un_15_ce0  |   9|          2|    1|          2|
    |mobilenet_block_accel_unsigned_char_const_unsigned_char_const_int_const_un_16_ce0  |   9|          2|    1|          2|
    |mobilenet_block_accel_unsigned_char_const_unsigned_char_const_int_const_un_17_ce0  |   9|          2|    1|          2|
    |mobilenet_block_accel_unsigned_char_const_unsigned_char_const_int_const_un_18_ce0  |   9|          2|    1|          2|
    |mobilenet_block_accel_unsigned_char_const_unsigned_char_const_int_const_un_19_ce0  |   9|          2|    1|          2|
    |mobilenet_block_accel_unsigned_char_const_unsigned_char_const_int_const_un_1_ce0   |   9|          2|    1|          2|
    |mobilenet_block_accel_unsigned_char_const_unsigned_char_const_int_const_un_2_ce0   |   9|          2|    1|          2|
    |mobilenet_block_accel_unsigned_char_const_unsigned_char_const_int_const_un_3_ce0   |   9|          2|    1|          2|
    |mobilenet_block_accel_unsigned_char_const_unsigned_char_const_int_const_un_4_ce0   |   9|          2|    1|          2|
    |mobilenet_block_accel_unsigned_char_const_unsigned_char_const_int_const_un_5_ce0   |   9|          2|    1|          2|
    |mobilenet_block_accel_unsigned_char_const_unsigned_char_const_int_const_un_6_ce0   |   9|          2|    1|          2|
    |mobilenet_block_accel_unsigned_char_const_unsigned_char_const_int_const_un_7_ce0   |   9|          2|    1|          2|
    |mobilenet_block_accel_unsigned_char_const_unsigned_char_const_int_const_un_8_ce0   |   9|          2|    1|          2|
    |mobilenet_block_accel_unsigned_char_const_unsigned_char_const_int_const_un_9_ce0   |   9|          2|    1|          2|
    |mobilenet_block_accel_unsigned_char_const_unsigned_char_const_int_const_un_ce0     |   9|          2|    1|          2|
    |p_ZZ21mobilenet_block_accelPKhS0_PKiS0_S2_PhiiiiiiiiiiiiiiiiE10inter_ping_10_ce0   |   9|          2|    1|          2|
    |p_ZZ21mobilenet_block_accelPKhS0_PKiS0_S2_PhiiiiiiiiiiiiiiiiE10inter_ping_11_ce0   |   9|          2|    1|          2|
    |p_ZZ21mobilenet_block_accelPKhS0_PKiS0_S2_PhiiiiiiiiiiiiiiiiE10inter_ping_12_ce0   |   9|          2|    1|          2|
    |p_ZZ21mobilenet_block_accelPKhS0_PKiS0_S2_PhiiiiiiiiiiiiiiiiE10inter_ping_13_ce0   |   9|          2|    1|          2|
    |p_ZZ21mobilenet_block_accelPKhS0_PKiS0_S2_PhiiiiiiiiiiiiiiiiE10inter_ping_14_ce0   |   9|          2|    1|          2|
    |p_ZZ21mobilenet_block_accelPKhS0_PKiS0_S2_PhiiiiiiiiiiiiiiiiE10inter_ping_15_ce0   |   9|          2|    1|          2|
    |p_ZZ21mobilenet_block_accelPKhS0_PKiS0_S2_PhiiiiiiiiiiiiiiiiE10inter_pong_10_ce0   |   9|          2|    1|          2|
    |p_ZZ21mobilenet_block_accelPKhS0_PKiS0_S2_PhiiiiiiiiiiiiiiiiE10inter_pong_11_ce0   |   9|          2|    1|          2|
    |p_ZZ21mobilenet_block_accelPKhS0_PKiS0_S2_PhiiiiiiiiiiiiiiiiE10inter_pong_12_ce0   |   9|          2|    1|          2|
    |p_ZZ21mobilenet_block_accelPKhS0_PKiS0_S2_PhiiiiiiiiiiiiiiiiE10inter_pong_13_ce0   |   9|          2|    1|          2|
    |p_ZZ21mobilenet_block_accelPKhS0_PKiS0_S2_PhiiiiiiiiiiiiiiiiE10inter_pong_14_ce0   |   9|          2|    1|          2|
    |p_ZZ21mobilenet_block_accelPKhS0_PKiS0_S2_PhiiiiiiiiiiiiiiiiE10inter_pong_15_ce0   |   9|          2|    1|          2|
    +-----------------------------------------------------------------------------------+----+-----------+-----+-----------+
    |Total                                                                              | 580|        127|  167|        463|
    +-----------------------------------------------------------------------------------+----+-----------+-----+-----------+

    * Register: 
    +--------------------------------------+----+----+-----+-----------+
    |                 Name                 | FF | LUT| Bits| Const Bits|
    +--------------------------------------+----+----+-----+-----------+
    |ap_CS_fsm                             |   2|   0|    2|          0|
    |ap_done_reg                           |   1|   0|    1|          0|
    |c_in_read_reg_347                     |  32|   0|   32|          0|
    |c_out_read_reg_342                    |  32|   0|   32|          0|
    |grp_pw_row_stage_fu_228_ap_start_reg  |   1|   0|    1|          0|
    |height_read_reg_357                   |  32|   0|   32|          0|
    |output_read_reg_367                   |  64|   0|   64|          0|
    |p_read_2_reg_362                      |  32|   0|   32|          0|
    |p_read_3_reg_382                      |   1|   0|    1|          0|
    |p_read_4_reg_386                      |   1|   0|    1|          0|
    |pw_M_mantissa_read_reg_322            |  32|   0|   32|          0|
    |pw_M_shift_read_reg_317               |  32|   0|   32|          0|
    |pw_act_zp_read_reg_337                |  16|   0|   16|          0|
    |pw_bias_read_reg_372                  |  64|   0|   64|          0|
    |pw_out_zp_read_reg_327                |  32|   0|   32|          0|
    |pw_use_bias_read_reg_312              |  32|   0|   32|          0|
    |pw_weights_read_reg_377               |  64|   0|   64|          0|
    |pw_wgt_zp_read_reg_332                |  16|   0|   16|          0|
    |width_read_reg_352                    |  32|   0|   32|          0|
    +--------------------------------------+----+----+-----+-----------+
    |Total                                 | 518|   0|  518|          0|
    +--------------------------------------+----+----+-----+-----------+



================================================================
== Interface
================================================================
* Summary: 
+----------------------------------------------------------------------------------------+-----+-----+------------+-------------------------------------------------------------------------------+--------------+
|                                        RTL Ports                                       | Dir | Bits|  Protocol  |                                 Source Object                                 |    C Type    |
+----------------------------------------------------------------------------------------+-----+-----+------------+-------------------------------------------------------------------------------+--------------+
|ap_clk                                                                                  |   in|    1|  ap_ctrl_hs|                             dataflow_in_loop_TILE_LOOP.1_Block_if.end.aft_proc|  return value|
|ap_rst                                                                                  |   in|    1|  ap_ctrl_hs|                             dataflow_in_loop_TILE_LOOP.1_Block_if.end.aft_proc|  return value|
|ap_start                                                                                |   in|    1|  ap_ctrl_hs|                             dataflow_in_loop_TILE_LOOP.1_Block_if.end.aft_proc|  return value|
|ap_done                                                                                 |  out|    1|  ap_ctrl_hs|                             dataflow_in_loop_TILE_LOOP.1_Block_if.end.aft_proc|  return value|
|ap_continue                                                                             |   in|    1|  ap_ctrl_hs|                             dataflow_in_loop_TILE_LOOP.1_Block_if.end.aft_proc|  return value|
|ap_idle                                                                                 |  out|    1|  ap_ctrl_hs|                             dataflow_in_loop_TILE_LOOP.1_Block_if.end.aft_proc|  return value|
|ap_ready                                                                                |  out|    1|  ap_ctrl_hs|                             dataflow_in_loop_TILE_LOOP.1_Block_if.end.aft_proc|  return value|
|p_read                                                                                  |   in|    1|     ap_none|                                                                         p_read|        scalar|
|p_read1                                                                                 |   in|    1|     ap_none|                                                                        p_read1|        scalar|
|m_axi_gmem_pw_w_0_AWVALID                                                               |  out|    1|       m_axi|                                                                      gmem_pw_w|       pointer|
|m_axi_gmem_pw_w_0_AWREADY                                                               |   in|    1|       m_axi|                                                                      gmem_pw_w|       pointer|
|m_axi_gmem_pw_w_0_AWADDR                                                                |  out|   64|       m_axi|                                                                      gmem_pw_w|       pointer|
|m_axi_gmem_pw_w_0_AWID                                                                  |  out|    1|       m_axi|                                                                      gmem_pw_w|       pointer|
|m_axi_gmem_pw_w_0_AWLEN                                                                 |  out|   32|       m_axi|                                                                      gmem_pw_w|       pointer|
|m_axi_gmem_pw_w_0_AWSIZE                                                                |  out|    3|       m_axi|                                                                      gmem_pw_w|       pointer|
|m_axi_gmem_pw_w_0_AWBURST                                                               |  out|    2|       m_axi|                                                                      gmem_pw_w|       pointer|
|m_axi_gmem_pw_w_0_AWLOCK                                                                |  out|    2|       m_axi|                                                                      gmem_pw_w|       pointer|
|m_axi_gmem_pw_w_0_AWCACHE                                                               |  out|    4|       m_axi|                                                                      gmem_pw_w|       pointer|
|m_axi_gmem_pw_w_0_AWPROT                                                                |  out|    3|       m_axi|                                                                      gmem_pw_w|       pointer|
|m_axi_gmem_pw_w_0_AWQOS                                                                 |  out|    4|       m_axi|                                                                      gmem_pw_w|       pointer|
|m_axi_gmem_pw_w_0_AWREGION                                                              |  out|    4|       m_axi|                                                                      gmem_pw_w|       pointer|
|m_axi_gmem_pw_w_0_AWUSER                                                                |  out|    1|       m_axi|                                                                      gmem_pw_w|       pointer|
|m_axi_gmem_pw_w_0_WVALID                                                                |  out|    1|       m_axi|                                                                      gmem_pw_w|       pointer|
|m_axi_gmem_pw_w_0_WREADY                                                                |   in|    1|       m_axi|                                                                      gmem_pw_w|       pointer|
|m_axi_gmem_pw_w_0_WDATA                                                                 |  out|   32|       m_axi|                                                                      gmem_pw_w|       pointer|
|m_axi_gmem_pw_w_0_WSTRB                                                                 |  out|    4|       m_axi|                                                                      gmem_pw_w|       pointer|
|m_axi_gmem_pw_w_0_WLAST                                                                 |  out|    1|       m_axi|                                                                      gmem_pw_w|       pointer|
|m_axi_gmem_pw_w_0_WID                                                                   |  out|    1|       m_axi|                                                                      gmem_pw_w|       pointer|
|m_axi_gmem_pw_w_0_WUSER                                                                 |  out|    1|       m_axi|                                                                      gmem_pw_w|       pointer|
|m_axi_gmem_pw_w_0_ARVALID                                                               |  out|    1|       m_axi|                                                                      gmem_pw_w|       pointer|
|m_axi_gmem_pw_w_0_ARREADY                                                               |   in|    1|       m_axi|                                                                      gmem_pw_w|       pointer|
|m_axi_gmem_pw_w_0_ARADDR                                                                |  out|   64|       m_axi|                                                                      gmem_pw_w|       pointer|
|m_axi_gmem_pw_w_0_ARID                                                                  |  out|    1|       m_axi|                                                                      gmem_pw_w|       pointer|
|m_axi_gmem_pw_w_0_ARLEN                                                                 |  out|   32|       m_axi|                                                                      gmem_pw_w|       pointer|
|m_axi_gmem_pw_w_0_ARSIZE                                                                |  out|    3|       m_axi|                                                                      gmem_pw_w|       pointer|
|m_axi_gmem_pw_w_0_ARBURST                                                               |  out|    2|       m_axi|                                                                      gmem_pw_w|       pointer|
|m_axi_gmem_pw_w_0_ARLOCK                                                                |  out|    2|       m_axi|                                                                      gmem_pw_w|       pointer|
|m_axi_gmem_pw_w_0_ARCACHE                                                               |  out|    4|       m_axi|                                                                      gmem_pw_w|       pointer|
|m_axi_gmem_pw_w_0_ARPROT                                                                |  out|    3|       m_axi|                                                                      gmem_pw_w|       pointer|
|m_axi_gmem_pw_w_0_ARQOS                                                                 |  out|    4|       m_axi|                                                                      gmem_pw_w|       pointer|
|m_axi_gmem_pw_w_0_ARREGION                                                              |  out|    4|       m_axi|                                                                      gmem_pw_w|       pointer|
|m_axi_gmem_pw_w_0_ARUSER                                                                |  out|    1|       m_axi|                                                                      gmem_pw_w|       pointer|
|m_axi_gmem_pw_w_0_RVALID                                                                |   in|    1|       m_axi|                                                                      gmem_pw_w|       pointer|
|m_axi_gmem_pw_w_0_RREADY                                                                |  out|    1|       m_axi|                                                                      gmem_pw_w|       pointer|
|m_axi_gmem_pw_w_0_RDATA                                                                 |   in|   32|       m_axi|                                                                      gmem_pw_w|       pointer|
|m_axi_gmem_pw_w_0_RLAST                                                                 |   in|    1|       m_axi|                                                                      gmem_pw_w|       pointer|
|m_axi_gmem_pw_w_0_RID                                                                   |   in|    1|       m_axi|                                                                      gmem_pw_w|       pointer|
|m_axi_gmem_pw_w_0_RFIFONUM                                                              |   in|    9|       m_axi|                                                                      gmem_pw_w|       pointer|
|m_axi_gmem_pw_w_0_RUSER                                                                 |   in|    1|       m_axi|                                                                      gmem_pw_w|       pointer|
|m_axi_gmem_pw_w_0_RRESP                                                                 |   in|    2|       m_axi|                                                                      gmem_pw_w|       pointer|
|m_axi_gmem_pw_w_0_BVALID                                                                |   in|    1|       m_axi|                                                                      gmem_pw_w|       pointer|
|m_axi_gmem_pw_w_0_BREADY                                                                |  out|    1|       m_axi|                                                                      gmem_pw_w|       pointer|
|m_axi_gmem_pw_w_0_BRESP                                                                 |   in|    2|       m_axi|                                                                      gmem_pw_w|       pointer|
|m_axi_gmem_pw_w_0_BID                                                                   |   in|    1|       m_axi|                                                                      gmem_pw_w|       pointer|
|m_axi_gmem_pw_w_0_BUSER                                                                 |   in|    1|       m_axi|                                                                      gmem_pw_w|       pointer|
|pw_weights                                                                              |   in|   64|     ap_none|                                                                     pw_weights|        scalar|
|pw_bias                                                                                 |   in|   64|     ap_none|                                                                        pw_bias|        scalar|
|m_axi_gmem_out_0_AWVALID                                                                |  out|    1|       m_axi|                                                                       gmem_out|       pointer|
|m_axi_gmem_out_0_AWREADY                                                                |   in|    1|       m_axi|                                                                       gmem_out|       pointer|
|m_axi_gmem_out_0_AWADDR                                                                 |  out|   64|       m_axi|                                                                       gmem_out|       pointer|
|m_axi_gmem_out_0_AWID                                                                   |  out|    1|       m_axi|                                                                       gmem_out|       pointer|
|m_axi_gmem_out_0_AWLEN                                                                  |  out|   32|       m_axi|                                                                       gmem_out|       pointer|
|m_axi_gmem_out_0_AWSIZE                                                                 |  out|    3|       m_axi|                                                                       gmem_out|       pointer|
|m_axi_gmem_out_0_AWBURST                                                                |  out|    2|       m_axi|                                                                       gmem_out|       pointer|
|m_axi_gmem_out_0_AWLOCK                                                                 |  out|    2|       m_axi|                                                                       gmem_out|       pointer|
|m_axi_gmem_out_0_AWCACHE                                                                |  out|    4|       m_axi|                                                                       gmem_out|       pointer|
|m_axi_gmem_out_0_AWPROT                                                                 |  out|    3|       m_axi|                                                                       gmem_out|       pointer|
|m_axi_gmem_out_0_AWQOS                                                                  |  out|    4|       m_axi|                                                                       gmem_out|       pointer|
|m_axi_gmem_out_0_AWREGION                                                               |  out|    4|       m_axi|                                                                       gmem_out|       pointer|
|m_axi_gmem_out_0_AWUSER                                                                 |  out|    1|       m_axi|                                                                       gmem_out|       pointer|
|m_axi_gmem_out_0_WVALID                                                                 |  out|    1|       m_axi|                                                                       gmem_out|       pointer|
|m_axi_gmem_out_0_WREADY                                                                 |   in|    1|       m_axi|                                                                       gmem_out|       pointer|
|m_axi_gmem_out_0_WDATA                                                                  |  out|    8|       m_axi|                                                                       gmem_out|       pointer|
|m_axi_gmem_out_0_WSTRB                                                                  |  out|    1|       m_axi|                                                                       gmem_out|       pointer|
|m_axi_gmem_out_0_WLAST                                                                  |  out|    1|       m_axi|                                                                       gmem_out|       pointer|
|m_axi_gmem_out_0_WID                                                                    |  out|    1|       m_axi|                                                                       gmem_out|       pointer|
|m_axi_gmem_out_0_WUSER                                                                  |  out|    1|       m_axi|                                                                       gmem_out|       pointer|
|m_axi_gmem_out_0_ARVALID                                                                |  out|    1|       m_axi|                                                                       gmem_out|       pointer|
|m_axi_gmem_out_0_ARREADY                                                                |   in|    1|       m_axi|                                                                       gmem_out|       pointer|
|m_axi_gmem_out_0_ARADDR                                                                 |  out|   64|       m_axi|                                                                       gmem_out|       pointer|
|m_axi_gmem_out_0_ARID                                                                   |  out|    1|       m_axi|                                                                       gmem_out|       pointer|
|m_axi_gmem_out_0_ARLEN                                                                  |  out|   32|       m_axi|                                                                       gmem_out|       pointer|
|m_axi_gmem_out_0_ARSIZE                                                                 |  out|    3|       m_axi|                                                                       gmem_out|       pointer|
|m_axi_gmem_out_0_ARBURST                                                                |  out|    2|       m_axi|                                                                       gmem_out|       pointer|
|m_axi_gmem_out_0_ARLOCK                                                                 |  out|    2|       m_axi|                                                                       gmem_out|       pointer|
|m_axi_gmem_out_0_ARCACHE                                                                |  out|    4|       m_axi|                                                                       gmem_out|       pointer|
|m_axi_gmem_out_0_ARPROT                                                                 |  out|    3|       m_axi|                                                                       gmem_out|       pointer|
|m_axi_gmem_out_0_ARQOS                                                                  |  out|    4|       m_axi|                                                                       gmem_out|       pointer|
|m_axi_gmem_out_0_ARREGION                                                               |  out|    4|       m_axi|                                                                       gmem_out|       pointer|
|m_axi_gmem_out_0_ARUSER                                                                 |  out|    1|       m_axi|                                                                       gmem_out|       pointer|
|m_axi_gmem_out_0_RVALID                                                                 |   in|    1|       m_axi|                                                                       gmem_out|       pointer|
|m_axi_gmem_out_0_RREADY                                                                 |  out|    1|       m_axi|                                                                       gmem_out|       pointer|
|m_axi_gmem_out_0_RDATA                                                                  |   in|    8|       m_axi|                                                                       gmem_out|       pointer|
|m_axi_gmem_out_0_RLAST                                                                  |   in|    1|       m_axi|                                                                       gmem_out|       pointer|
|m_axi_gmem_out_0_RID                                                                    |   in|    1|       m_axi|                                                                       gmem_out|       pointer|
|m_axi_gmem_out_0_RFIFONUM                                                               |   in|   11|       m_axi|                                                                       gmem_out|       pointer|
|m_axi_gmem_out_0_RUSER                                                                  |   in|    1|       m_axi|                                                                       gmem_out|       pointer|
|m_axi_gmem_out_0_RRESP                                                                  |   in|    2|       m_axi|                                                                       gmem_out|       pointer|
|m_axi_gmem_out_0_BVALID                                                                 |   in|    1|       m_axi|                                                                       gmem_out|       pointer|
|m_axi_gmem_out_0_BREADY                                                                 |  out|    1|       m_axi|                                                                       gmem_out|       pointer|
|m_axi_gmem_out_0_BRESP                                                                  |   in|    2|       m_axi|                                                                       gmem_out|       pointer|
|m_axi_gmem_out_0_BID                                                                    |   in|    1|       m_axi|                                                                       gmem_out|       pointer|
|m_axi_gmem_out_0_BUSER                                                                  |   in|    1|       m_axi|                                                                       gmem_out|       pointer|
|output_r                                                                                |   in|   64|     ap_none|                                                                       output_r|        scalar|
|p_read2                                                                                 |   in|   32|     ap_none|                                                                        p_read2|        scalar|
|height                                                                                  |   in|   32|     ap_none|                                                                         height|        scalar|
|width                                                                                   |   in|   32|     ap_none|                                                                          width|        scalar|
|c_in                                                                                    |   in|   32|     ap_none|                                                                           c_in|        scalar|
|c_out                                                                                   |   in|   32|     ap_none|                                                                          c_out|        scalar|
|pw_act_zp                                                                               |   in|   16|     ap_none|                                                                      pw_act_zp|        scalar|
|pw_wgt_zp                                                                               |   in|   16|     ap_none|                                                                      pw_wgt_zp|        scalar|
|pw_out_zp                                                                               |   in|   32|     ap_none|                                                                      pw_out_zp|        scalar|
|pw_M_mantissa                                                                           |   in|   32|     ap_none|                                                                  pw_M_mantissa|        scalar|
|pw_M_shift                                                                              |   in|   32|     ap_none|                                                                     pw_M_shift|        scalar|
|pw_use_bias                                                                             |   in|   32|     ap_none|                                                                    pw_use_bias|        scalar|
|mobilenet_block_accel_unsigned_char_const_unsigned_char_const_int_const_un_9_address0   |  out|   13|   ap_memory|   mobilenet_block_accel_unsigned_char_const_unsigned_char_const_int_const_un_9|         array|
|mobilenet_block_accel_unsigned_char_const_unsigned_char_const_int_const_un_9_ce0        |  out|    1|   ap_memory|   mobilenet_block_accel_unsigned_char_const_unsigned_char_const_int_const_un_9|         array|
|mobilenet_block_accel_unsigned_char_const_unsigned_char_const_int_const_un_9_q0         |   in|    8|   ap_memory|   mobilenet_block_accel_unsigned_char_const_unsigned_char_const_int_const_un_9|         array|
|mobilenet_block_accel_unsigned_char_const_unsigned_char_const_int_const_un_8_address0   |  out|   13|   ap_memory|   mobilenet_block_accel_unsigned_char_const_unsigned_char_const_int_const_un_8|         array|
|mobilenet_block_accel_unsigned_char_const_unsigned_char_const_int_const_un_8_ce0        |  out|    1|   ap_memory|   mobilenet_block_accel_unsigned_char_const_unsigned_char_const_int_const_un_8|         array|
|mobilenet_block_accel_unsigned_char_const_unsigned_char_const_int_const_un_8_q0         |   in|    8|   ap_memory|   mobilenet_block_accel_unsigned_char_const_unsigned_char_const_int_const_un_8|         array|
|mobilenet_block_accel_unsigned_char_const_unsigned_char_const_int_const_un_7_address0   |  out|   13|   ap_memory|   mobilenet_block_accel_unsigned_char_const_unsigned_char_const_int_const_un_7|         array|
|mobilenet_block_accel_unsigned_char_const_unsigned_char_const_int_const_un_7_ce0        |  out|    1|   ap_memory|   mobilenet_block_accel_unsigned_char_const_unsigned_char_const_int_const_un_7|         array|
|mobilenet_block_accel_unsigned_char_const_unsigned_char_const_int_const_un_7_q0         |   in|    8|   ap_memory|   mobilenet_block_accel_unsigned_char_const_unsigned_char_const_int_const_un_7|         array|
|mobilenet_block_accel_unsigned_char_const_unsigned_char_const_int_const_un_6_address0   |  out|   13|   ap_memory|   mobilenet_block_accel_unsigned_char_const_unsigned_char_const_int_const_un_6|         array|
|mobilenet_block_accel_unsigned_char_const_unsigned_char_const_int_const_un_6_ce0        |  out|    1|   ap_memory|   mobilenet_block_accel_unsigned_char_const_unsigned_char_const_int_const_un_6|         array|
|mobilenet_block_accel_unsigned_char_const_unsigned_char_const_int_const_un_6_q0         |   in|    8|   ap_memory|   mobilenet_block_accel_unsigned_char_const_unsigned_char_const_int_const_un_6|         array|
|mobilenet_block_accel_unsigned_char_const_unsigned_char_const_int_const_un_5_address0   |  out|   13|   ap_memory|   mobilenet_block_accel_unsigned_char_const_unsigned_char_const_int_const_un_5|         array|
|mobilenet_block_accel_unsigned_char_const_unsigned_char_const_int_const_un_5_ce0        |  out|    1|   ap_memory|   mobilenet_block_accel_unsigned_char_const_unsigned_char_const_int_const_un_5|         array|
|mobilenet_block_accel_unsigned_char_const_unsigned_char_const_int_const_un_5_q0         |   in|    8|   ap_memory|   mobilenet_block_accel_unsigned_char_const_unsigned_char_const_int_const_un_5|         array|
|mobilenet_block_accel_unsigned_char_const_unsigned_char_const_int_const_un_4_address0   |  out|   13|   ap_memory|   mobilenet_block_accel_unsigned_char_const_unsigned_char_const_int_const_un_4|         array|
|mobilenet_block_accel_unsigned_char_const_unsigned_char_const_int_const_un_4_ce0        |  out|    1|   ap_memory|   mobilenet_block_accel_unsigned_char_const_unsigned_char_const_int_const_un_4|         array|
|mobilenet_block_accel_unsigned_char_const_unsigned_char_const_int_const_un_4_q0         |   in|    8|   ap_memory|   mobilenet_block_accel_unsigned_char_const_unsigned_char_const_int_const_un_4|         array|
|mobilenet_block_accel_unsigned_char_const_unsigned_char_const_int_const_un_3_address0   |  out|   13|   ap_memory|   mobilenet_block_accel_unsigned_char_const_unsigned_char_const_int_const_un_3|         array|
|mobilenet_block_accel_unsigned_char_const_unsigned_char_const_int_const_un_3_ce0        |  out|    1|   ap_memory|   mobilenet_block_accel_unsigned_char_const_unsigned_char_const_int_const_un_3|         array|
|mobilenet_block_accel_unsigned_char_const_unsigned_char_const_int_const_un_3_q0         |   in|    8|   ap_memory|   mobilenet_block_accel_unsigned_char_const_unsigned_char_const_int_const_un_3|         array|
|mobilenet_block_accel_unsigned_char_const_unsigned_char_const_int_const_un_2_address0   |  out|   13|   ap_memory|   mobilenet_block_accel_unsigned_char_const_unsigned_char_const_int_const_un_2|         array|
|mobilenet_block_accel_unsigned_char_const_unsigned_char_const_int_const_un_2_ce0        |  out|    1|   ap_memory|   mobilenet_block_accel_unsigned_char_const_unsigned_char_const_int_const_un_2|         array|
|mobilenet_block_accel_unsigned_char_const_unsigned_char_const_int_const_un_2_q0         |   in|    8|   ap_memory|   mobilenet_block_accel_unsigned_char_const_unsigned_char_const_int_const_un_2|         array|
|mobilenet_block_accel_unsigned_char_const_unsigned_char_const_int_const_un_1_address0   |  out|   13|   ap_memory|   mobilenet_block_accel_unsigned_char_const_unsigned_char_const_int_const_un_1|         array|
|mobilenet_block_accel_unsigned_char_const_unsigned_char_const_int_const_un_1_ce0        |  out|    1|   ap_memory|   mobilenet_block_accel_unsigned_char_const_unsigned_char_const_int_const_un_1|         array|
|mobilenet_block_accel_unsigned_char_const_unsigned_char_const_int_const_un_1_q0         |   in|    8|   ap_memory|   mobilenet_block_accel_unsigned_char_const_unsigned_char_const_int_const_un_1|         array|
|mobilenet_block_accel_unsigned_char_const_unsigned_char_const_int_const_un_address0     |  out|   13|   ap_memory|     mobilenet_block_accel_unsigned_char_const_unsigned_char_const_int_const_un|         array|
|mobilenet_block_accel_unsigned_char_const_unsigned_char_const_int_const_un_ce0          |  out|    1|   ap_memory|     mobilenet_block_accel_unsigned_char_const_unsigned_char_const_int_const_un|         array|
|mobilenet_block_accel_unsigned_char_const_unsigned_char_const_int_const_un_q0           |   in|    8|   ap_memory|     mobilenet_block_accel_unsigned_char_const_unsigned_char_const_int_const_un|         array|
|p_ZZ21mobilenet_block_accelPKhS0_PKiS0_S2_PhiiiiiiiiiiiiiiiiE10inter_pong_10_address0   |  out|   13|   ap_memory|   p_ZZ21mobilenet_block_accelPKhS0_PKiS0_S2_PhiiiiiiiiiiiiiiiiE10inter_pong_10|         array|
|p_ZZ21mobilenet_block_accelPKhS0_PKiS0_S2_PhiiiiiiiiiiiiiiiiE10inter_pong_10_ce0        |  out|    1|   ap_memory|   p_ZZ21mobilenet_block_accelPKhS0_PKiS0_S2_PhiiiiiiiiiiiiiiiiE10inter_pong_10|         array|
|p_ZZ21mobilenet_block_accelPKhS0_PKiS0_S2_PhiiiiiiiiiiiiiiiiE10inter_pong_10_q0         |   in|    8|   ap_memory|   p_ZZ21mobilenet_block_accelPKhS0_PKiS0_S2_PhiiiiiiiiiiiiiiiiE10inter_pong_10|         array|
|p_ZZ21mobilenet_block_accelPKhS0_PKiS0_S2_PhiiiiiiiiiiiiiiiiE10inter_pong_11_address0   |  out|   13|   ap_memory|   p_ZZ21mobilenet_block_accelPKhS0_PKiS0_S2_PhiiiiiiiiiiiiiiiiE10inter_pong_11|         array|
|p_ZZ21mobilenet_block_accelPKhS0_PKiS0_S2_PhiiiiiiiiiiiiiiiiE10inter_pong_11_ce0        |  out|    1|   ap_memory|   p_ZZ21mobilenet_block_accelPKhS0_PKiS0_S2_PhiiiiiiiiiiiiiiiiE10inter_pong_11|         array|
|p_ZZ21mobilenet_block_accelPKhS0_PKiS0_S2_PhiiiiiiiiiiiiiiiiE10inter_pong_11_q0         |   in|    8|   ap_memory|   p_ZZ21mobilenet_block_accelPKhS0_PKiS0_S2_PhiiiiiiiiiiiiiiiiE10inter_pong_11|         array|
|p_ZZ21mobilenet_block_accelPKhS0_PKiS0_S2_PhiiiiiiiiiiiiiiiiE10inter_pong_12_address0   |  out|   13|   ap_memory|   p_ZZ21mobilenet_block_accelPKhS0_PKiS0_S2_PhiiiiiiiiiiiiiiiiE10inter_pong_12|         array|
|p_ZZ21mobilenet_block_accelPKhS0_PKiS0_S2_PhiiiiiiiiiiiiiiiiE10inter_pong_12_ce0        |  out|    1|   ap_memory|   p_ZZ21mobilenet_block_accelPKhS0_PKiS0_S2_PhiiiiiiiiiiiiiiiiE10inter_pong_12|         array|
|p_ZZ21mobilenet_block_accelPKhS0_PKiS0_S2_PhiiiiiiiiiiiiiiiiE10inter_pong_12_q0         |   in|    8|   ap_memory|   p_ZZ21mobilenet_block_accelPKhS0_PKiS0_S2_PhiiiiiiiiiiiiiiiiE10inter_pong_12|         array|
|p_ZZ21mobilenet_block_accelPKhS0_PKiS0_S2_PhiiiiiiiiiiiiiiiiE10inter_pong_13_address0   |  out|   13|   ap_memory|   p_ZZ21mobilenet_block_accelPKhS0_PKiS0_S2_PhiiiiiiiiiiiiiiiiE10inter_pong_13|         array|
|p_ZZ21mobilenet_block_accelPKhS0_PKiS0_S2_PhiiiiiiiiiiiiiiiiE10inter_pong_13_ce0        |  out|    1|   ap_memory|   p_ZZ21mobilenet_block_accelPKhS0_PKiS0_S2_PhiiiiiiiiiiiiiiiiE10inter_pong_13|         array|
|p_ZZ21mobilenet_block_accelPKhS0_PKiS0_S2_PhiiiiiiiiiiiiiiiiE10inter_pong_13_q0         |   in|    8|   ap_memory|   p_ZZ21mobilenet_block_accelPKhS0_PKiS0_S2_PhiiiiiiiiiiiiiiiiE10inter_pong_13|         array|
|p_ZZ21mobilenet_block_accelPKhS0_PKiS0_S2_PhiiiiiiiiiiiiiiiiE10inter_pong_14_address0   |  out|   13|   ap_memory|   p_ZZ21mobilenet_block_accelPKhS0_PKiS0_S2_PhiiiiiiiiiiiiiiiiE10inter_pong_14|         array|
|p_ZZ21mobilenet_block_accelPKhS0_PKiS0_S2_PhiiiiiiiiiiiiiiiiE10inter_pong_14_ce0        |  out|    1|   ap_memory|   p_ZZ21mobilenet_block_accelPKhS0_PKiS0_S2_PhiiiiiiiiiiiiiiiiE10inter_pong_14|         array|
|p_ZZ21mobilenet_block_accelPKhS0_PKiS0_S2_PhiiiiiiiiiiiiiiiiE10inter_pong_14_q0         |   in|    8|   ap_memory|   p_ZZ21mobilenet_block_accelPKhS0_PKiS0_S2_PhiiiiiiiiiiiiiiiiE10inter_pong_14|         array|
|p_ZZ21mobilenet_block_accelPKhS0_PKiS0_S2_PhiiiiiiiiiiiiiiiiE10inter_pong_15_address0   |  out|   13|   ap_memory|   p_ZZ21mobilenet_block_accelPKhS0_PKiS0_S2_PhiiiiiiiiiiiiiiiiE10inter_pong_15|         array|
|p_ZZ21mobilenet_block_accelPKhS0_PKiS0_S2_PhiiiiiiiiiiiiiiiiE10inter_pong_15_ce0        |  out|    1|   ap_memory|   p_ZZ21mobilenet_block_accelPKhS0_PKiS0_S2_PhiiiiiiiiiiiiiiiiE10inter_pong_15|         array|
|p_ZZ21mobilenet_block_accelPKhS0_PKiS0_S2_PhiiiiiiiiiiiiiiiiE10inter_pong_15_q0         |   in|    8|   ap_memory|   p_ZZ21mobilenet_block_accelPKhS0_PKiS0_S2_PhiiiiiiiiiiiiiiiiE10inter_pong_15|         array|
|mobilenet_block_accel_unsigned_char_const_unsigned_char_const_int_const_un_19_address0  |  out|   13|   ap_memory|  mobilenet_block_accel_unsigned_char_const_unsigned_char_const_int_const_un_19|         array|
|mobilenet_block_accel_unsigned_char_const_unsigned_char_const_int_const_un_19_ce0       |  out|    1|   ap_memory|  mobilenet_block_accel_unsigned_char_const_unsigned_char_const_int_const_un_19|         array|
|mobilenet_block_accel_unsigned_char_const_unsigned_char_const_int_const_un_19_q0        |   in|    8|   ap_memory|  mobilenet_block_accel_unsigned_char_const_unsigned_char_const_int_const_un_19|         array|
|mobilenet_block_accel_unsigned_char_const_unsigned_char_const_int_const_un_18_address0  |  out|   13|   ap_memory|  mobilenet_block_accel_unsigned_char_const_unsigned_char_const_int_const_un_18|         array|
|mobilenet_block_accel_unsigned_char_const_unsigned_char_const_int_const_un_18_ce0       |  out|    1|   ap_memory|  mobilenet_block_accel_unsigned_char_const_unsigned_char_const_int_const_un_18|         array|
|mobilenet_block_accel_unsigned_char_const_unsigned_char_const_int_const_un_18_q0        |   in|    8|   ap_memory|  mobilenet_block_accel_unsigned_char_const_unsigned_char_const_int_const_un_18|         array|
|mobilenet_block_accel_unsigned_char_const_unsigned_char_const_int_const_un_17_address0  |  out|   13|   ap_memory|  mobilenet_block_accel_unsigned_char_const_unsigned_char_const_int_const_un_17|         array|
|mobilenet_block_accel_unsigned_char_const_unsigned_char_const_int_const_un_17_ce0       |  out|    1|   ap_memory|  mobilenet_block_accel_unsigned_char_const_unsigned_char_const_int_const_un_17|         array|
|mobilenet_block_accel_unsigned_char_const_unsigned_char_const_int_const_un_17_q0        |   in|    8|   ap_memory|  mobilenet_block_accel_unsigned_char_const_unsigned_char_const_int_const_un_17|         array|
|mobilenet_block_accel_unsigned_char_const_unsigned_char_const_int_const_un_16_address0  |  out|   13|   ap_memory|  mobilenet_block_accel_unsigned_char_const_unsigned_char_const_int_const_un_16|         array|
|mobilenet_block_accel_unsigned_char_const_unsigned_char_const_int_const_un_16_ce0       |  out|    1|   ap_memory|  mobilenet_block_accel_unsigned_char_const_unsigned_char_const_int_const_un_16|         array|
|mobilenet_block_accel_unsigned_char_const_unsigned_char_const_int_const_un_16_q0        |   in|    8|   ap_memory|  mobilenet_block_accel_unsigned_char_const_unsigned_char_const_int_const_un_16|         array|
|mobilenet_block_accel_unsigned_char_const_unsigned_char_const_int_const_un_15_address0  |  out|   13|   ap_memory|  mobilenet_block_accel_unsigned_char_const_unsigned_char_const_int_const_un_15|         array|
|mobilenet_block_accel_unsigned_char_const_unsigned_char_const_int_const_un_15_ce0       |  out|    1|   ap_memory|  mobilenet_block_accel_unsigned_char_const_unsigned_char_const_int_const_un_15|         array|
|mobilenet_block_accel_unsigned_char_const_unsigned_char_const_int_const_un_15_q0        |   in|    8|   ap_memory|  mobilenet_block_accel_unsigned_char_const_unsigned_char_const_int_const_un_15|         array|
|mobilenet_block_accel_unsigned_char_const_unsigned_char_const_int_const_un_14_address0  |  out|   13|   ap_memory|  mobilenet_block_accel_unsigned_char_const_unsigned_char_const_int_const_un_14|         array|
|mobilenet_block_accel_unsigned_char_const_unsigned_char_const_int_const_un_14_ce0       |  out|    1|   ap_memory|  mobilenet_block_accel_unsigned_char_const_unsigned_char_const_int_const_un_14|         array|
|mobilenet_block_accel_unsigned_char_const_unsigned_char_const_int_const_un_14_q0        |   in|    8|   ap_memory|  mobilenet_block_accel_unsigned_char_const_unsigned_char_const_int_const_un_14|         array|
|mobilenet_block_accel_unsigned_char_const_unsigned_char_const_int_const_un_13_address0  |  out|   13|   ap_memory|  mobilenet_block_accel_unsigned_char_const_unsigned_char_const_int_const_un_13|         array|
|mobilenet_block_accel_unsigned_char_const_unsigned_char_const_int_const_un_13_ce0       |  out|    1|   ap_memory|  mobilenet_block_accel_unsigned_char_const_unsigned_char_const_int_const_un_13|         array|
|mobilenet_block_accel_unsigned_char_const_unsigned_char_const_int_const_un_13_q0        |   in|    8|   ap_memory|  mobilenet_block_accel_unsigned_char_const_unsigned_char_const_int_const_un_13|         array|
|mobilenet_block_accel_unsigned_char_const_unsigned_char_const_int_const_un_12_address0  |  out|   13|   ap_memory|  mobilenet_block_accel_unsigned_char_const_unsigned_char_const_int_const_un_12|         array|
|mobilenet_block_accel_unsigned_char_const_unsigned_char_const_int_const_un_12_ce0       |  out|    1|   ap_memory|  mobilenet_block_accel_unsigned_char_const_unsigned_char_const_int_const_un_12|         array|
|mobilenet_block_accel_unsigned_char_const_unsigned_char_const_int_const_un_12_q0        |   in|    8|   ap_memory|  mobilenet_block_accel_unsigned_char_const_unsigned_char_const_int_const_un_12|         array|
|mobilenet_block_accel_unsigned_char_const_unsigned_char_const_int_const_un_11_address0  |  out|   13|   ap_memory|  mobilenet_block_accel_unsigned_char_const_unsigned_char_const_int_const_un_11|         array|
|mobilenet_block_accel_unsigned_char_const_unsigned_char_const_int_const_un_11_ce0       |  out|    1|   ap_memory|  mobilenet_block_accel_unsigned_char_const_unsigned_char_const_int_const_un_11|         array|
|mobilenet_block_accel_unsigned_char_const_unsigned_char_const_int_const_un_11_q0        |   in|    8|   ap_memory|  mobilenet_block_accel_unsigned_char_const_unsigned_char_const_int_const_un_11|         array|
|mobilenet_block_accel_unsigned_char_const_unsigned_char_const_int_const_un_10_address0  |  out|   13|   ap_memory|  mobilenet_block_accel_unsigned_char_const_unsigned_char_const_int_const_un_10|         array|
|mobilenet_block_accel_unsigned_char_const_unsigned_char_const_int_const_un_10_ce0       |  out|    1|   ap_memory|  mobilenet_block_accel_unsigned_char_const_unsigned_char_const_int_const_un_10|         array|
|mobilenet_block_accel_unsigned_char_const_unsigned_char_const_int_const_un_10_q0        |   in|    8|   ap_memory|  mobilenet_block_accel_unsigned_char_const_unsigned_char_const_int_const_un_10|         array|
|p_ZZ21mobilenet_block_accelPKhS0_PKiS0_S2_PhiiiiiiiiiiiiiiiiE10inter_ping_10_address0   |  out|   13|   ap_memory|   p_ZZ21mobilenet_block_accelPKhS0_PKiS0_S2_PhiiiiiiiiiiiiiiiiE10inter_ping_10|         array|
|p_ZZ21mobilenet_block_accelPKhS0_PKiS0_S2_PhiiiiiiiiiiiiiiiiE10inter_ping_10_ce0        |  out|    1|   ap_memory|   p_ZZ21mobilenet_block_accelPKhS0_PKiS0_S2_PhiiiiiiiiiiiiiiiiE10inter_ping_10|         array|
|p_ZZ21mobilenet_block_accelPKhS0_PKiS0_S2_PhiiiiiiiiiiiiiiiiE10inter_ping_10_q0         |   in|    8|   ap_memory|   p_ZZ21mobilenet_block_accelPKhS0_PKiS0_S2_PhiiiiiiiiiiiiiiiiE10inter_ping_10|         array|
|p_ZZ21mobilenet_block_accelPKhS0_PKiS0_S2_PhiiiiiiiiiiiiiiiiE10inter_ping_11_address0   |  out|   13|   ap_memory|   p_ZZ21mobilenet_block_accelPKhS0_PKiS0_S2_PhiiiiiiiiiiiiiiiiE10inter_ping_11|         array|
|p_ZZ21mobilenet_block_accelPKhS0_PKiS0_S2_PhiiiiiiiiiiiiiiiiE10inter_ping_11_ce0        |  out|    1|   ap_memory|   p_ZZ21mobilenet_block_accelPKhS0_PKiS0_S2_PhiiiiiiiiiiiiiiiiE10inter_ping_11|         array|
|p_ZZ21mobilenet_block_accelPKhS0_PKiS0_S2_PhiiiiiiiiiiiiiiiiE10inter_ping_11_q0         |   in|    8|   ap_memory|   p_ZZ21mobilenet_block_accelPKhS0_PKiS0_S2_PhiiiiiiiiiiiiiiiiE10inter_ping_11|         array|
|p_ZZ21mobilenet_block_accelPKhS0_PKiS0_S2_PhiiiiiiiiiiiiiiiiE10inter_ping_12_address0   |  out|   13|   ap_memory|   p_ZZ21mobilenet_block_accelPKhS0_PKiS0_S2_PhiiiiiiiiiiiiiiiiE10inter_ping_12|         array|
|p_ZZ21mobilenet_block_accelPKhS0_PKiS0_S2_PhiiiiiiiiiiiiiiiiE10inter_ping_12_ce0        |  out|    1|   ap_memory|   p_ZZ21mobilenet_block_accelPKhS0_PKiS0_S2_PhiiiiiiiiiiiiiiiiE10inter_ping_12|         array|
|p_ZZ21mobilenet_block_accelPKhS0_PKiS0_S2_PhiiiiiiiiiiiiiiiiE10inter_ping_12_q0         |   in|    8|   ap_memory|   p_ZZ21mobilenet_block_accelPKhS0_PKiS0_S2_PhiiiiiiiiiiiiiiiiE10inter_ping_12|         array|
|p_ZZ21mobilenet_block_accelPKhS0_PKiS0_S2_PhiiiiiiiiiiiiiiiiE10inter_ping_13_address0   |  out|   13|   ap_memory|   p_ZZ21mobilenet_block_accelPKhS0_PKiS0_S2_PhiiiiiiiiiiiiiiiiE10inter_ping_13|         array|
|p_ZZ21mobilenet_block_accelPKhS0_PKiS0_S2_PhiiiiiiiiiiiiiiiiE10inter_ping_13_ce0        |  out|    1|   ap_memory|   p_ZZ21mobilenet_block_accelPKhS0_PKiS0_S2_PhiiiiiiiiiiiiiiiiE10inter_ping_13|         array|
|p_ZZ21mobilenet_block_accelPKhS0_PKiS0_S2_PhiiiiiiiiiiiiiiiiE10inter_ping_13_q0         |   in|    8|   ap_memory|   p_ZZ21mobilenet_block_accelPKhS0_PKiS0_S2_PhiiiiiiiiiiiiiiiiE10inter_ping_13|         array|
|p_ZZ21mobilenet_block_accelPKhS0_PKiS0_S2_PhiiiiiiiiiiiiiiiiE10inter_ping_14_address0   |  out|   13|   ap_memory|   p_ZZ21mobilenet_block_accelPKhS0_PKiS0_S2_PhiiiiiiiiiiiiiiiiE10inter_ping_14|         array|
|p_ZZ21mobilenet_block_accelPKhS0_PKiS0_S2_PhiiiiiiiiiiiiiiiiE10inter_ping_14_ce0        |  out|    1|   ap_memory|   p_ZZ21mobilenet_block_accelPKhS0_PKiS0_S2_PhiiiiiiiiiiiiiiiiE10inter_ping_14|         array|
|p_ZZ21mobilenet_block_accelPKhS0_PKiS0_S2_PhiiiiiiiiiiiiiiiiE10inter_ping_14_q0         |   in|    8|   ap_memory|   p_ZZ21mobilenet_block_accelPKhS0_PKiS0_S2_PhiiiiiiiiiiiiiiiiE10inter_ping_14|         array|
|p_ZZ21mobilenet_block_accelPKhS0_PKiS0_S2_PhiiiiiiiiiiiiiiiiE10inter_ping_15_address0   |  out|   13|   ap_memory|   p_ZZ21mobilenet_block_accelPKhS0_PKiS0_S2_PhiiiiiiiiiiiiiiiiE10inter_ping_15|         array|
|p_ZZ21mobilenet_block_accelPKhS0_PKiS0_S2_PhiiiiiiiiiiiiiiiiE10inter_ping_15_ce0        |  out|    1|   ap_memory|   p_ZZ21mobilenet_block_accelPKhS0_PKiS0_S2_PhiiiiiiiiiiiiiiiiE10inter_ping_15|         array|
|p_ZZ21mobilenet_block_accelPKhS0_PKiS0_S2_PhiiiiiiiiiiiiiiiiE10inter_ping_15_q0         |   in|    8|   ap_memory|   p_ZZ21mobilenet_block_accelPKhS0_PKiS0_S2_PhiiiiiiiiiiiiiiiiE10inter_ping_15|         array|
+----------------------------------------------------------------------------------------+-----+-----+------------+-------------------------------------------------------------------------------+--------------+

